[halim.website/index.html]
[s3.eu-west-1.amazonaws.com/halim.website/images/favicon.png]
[backblue.gif]
[fade.gif]
[index.html]
[s3.eu-west-1.amazonaws.com/halim.website/images/profile.jpg]
[s3.eu-west-1.amazonaws.com/halim.website/images/intro-bg.jpg]
[halim.website/blog/index.html]
[s3.eu-west-1.amazonaws.com/halim.website/images/tools/tenable_logo.png]
[s3.eu-west-1.amazonaws.com/halim.website/images/tools/gitlab.png]
[s3.eu-west-1.amazonaws.com/halim.website/images/tools/Twistlock_Logo.png]
[s3.eu-west-1.amazonaws.com/halim.website/images/tools/beyondtrust.png]
[s3.eu-west-1.amazonaws.com/halim.website/images/tools/aws.png]
[s3.eu-west-1.amazonaws.com/halim.website/images/tools/ansible1.png]
[s3.eu-west-1.amazonaws.com/halim.website/images/tools/clickup.png]
[halim.website/vendor/jquery/jquery.min.js]
[halim.website/vendor/bootstrap/js/bootstrap.bundle.min.js]
[halim.website/vendor/jquery.easing/jquery.easing.min.js]
[halim.website/vendor/jquery.appear/jquery.appear.min.js]
[halim.website/vendor/jquery.countTo/jquery.countTo.min.js]
[halim.website/vendor/parallaxie/parallaxie.min.js]
[halim.website/vendor/typed/typed.min.js]
[halim.website/vendor/owl.carousel/owl.carousel.min.js]
[halim.website/vendor/isotope/isotope.pkgd.min.js]
[halim.website/vendor/magnific-popup/jquery.magnific-popup.min.js]
[halim.website/js/theme.js]
[halim.website/index.html]
[halim.website/vendor/bootstrap/css/bootstrap.min.css]
[halim.website/vendor/font-awesome/webfonts/fa-brands-400.eot]
[halim.website/vendor/font-awesome/webfonts/fa-brands-400d41d.eot]
[halim.website/vendor/font-awesome/webfonts/fa-brands-400.woff2]
[halim.website/vendor/font-awesome/webfonts/fa-brands-400.woff]
[halim.website/vendor/font-awesome/webfonts/fa-brands-400.ttf]
[halim.website/vendor/font-awesome/webfonts/fa-regular-400.eot]
[halim.website/vendor/font-awesome/webfonts/fa-regular-400d41d.eot]
[halim.website/vendor/font-awesome/webfonts/fa-regular-400.woff2]
[halim.website/vendor/font-awesome/webfonts/fa-regular-400.woff]
[halim.website/vendor/font-awesome/webfonts/fa-regular-400.ttf]
[halim.website/vendor/font-awesome/webfonts/fa-solid-900.eot]
[halim.website/vendor/font-awesome/webfonts/fa-solid-900d41d.eot]
[halim.website/vendor/font-awesome/webfonts/fa-solid-900.woff2]
[halim.website/vendor/font-awesome/webfonts/fa-solid-900.woff]
[halim.website/vendor/font-awesome/webfonts/fa-solid-900.ttf]
[halim.website/vendor/font-awesome/css/all.min.css]
[halim.website/vendor/owl.carousel/assets/owl.video.play.png]
[halim.website/vendor/owl.carousel/assets/owl.carousel.min.css]
[halim.website/vendor/magnific-popup/magnific-popup.min.css]
[halim.website/css/stylesheet.css]
[halim.website/css/color-green.css]
[halim.website/blog/wp-content/plugins/canvas/assets/fonts/canvas-icons.woff]
[halim.website/blog/feed/index.html]
[halim.website/blog/wp-content/plugins/powerkit/assets/fonts/powerkit-icons1102.woff]
[halim.website/blog/comments/feed/index.html]
[halim.website/blog/page/2/index.html]
[halim.website/blog/wp-includes/js/jquery/jquery.mina7a0.js]
[halim.website/blog/wp-includes/js/jquery/jquery-migrate.mind617.js]
[halim.website/blog/wp-content/plugins/advanced-popups/public/js/advanced-popups-publicc358.js]
[halim.website/blog/xmlrpc0db0.php]
[halim.website/blog/wp-includes/wlwmanifest.xml]
[halim.website/blog/wp-json/index.html]
[halim.website/blog/wp-content/plugins/absolute-reviews/fonts/absolute-reviews-icons.woff]
[halim.website/blog/wp-content/plugins/advanced-popups/fonts/advanced-popups-icons.woff]
[halim.website/blog/wp-content/fonts/gothic-a1/CSR94z5ZnPydRjlCCwl6b80oQNM8ru4reAXaTlFCBXrC-se62sS-fg.0.woff]
[halim.website/blog/wp-content/fonts/gothic-a1/CSR94z5ZnPydRjlCCwl6b80oQNM8ru4reAXaTlFCBXrC-se62sS-fg.2.woff]
[halim.website/blog/wp-content/fonts/gothic-a1/CSR94z5ZnPydRjlCCwl6b80oQNM8ru4reAXaTlFCBXrC-se62sS-fg.3.woff]
[halim.website/blog/wp-content/fonts/gothic-a1/CSR94z5ZnPydRjlCCwl6b80oQNM8ru4reAXaTlFCBXrC-se62sS-fg.4.woff]
[halim.website/blog/wp-content/fonts/gothic-a1/CSR94z5ZnPydRjlCCwl6b80oQNM8ru4reAXaTlFCBXrC-se62sS-fg.5.woff]
[halim.website/blog/wp-content/fonts/gothic-a1/CSR94z5ZnPydRjlCCwl6b80oQNM8ru4reAXaTlFCBXrC-se62sS-fg.6.woff]
[halim.website/blog/wp-content/fonts/gothic-a1/CSR94z5ZnPydRjlCCwl6b80oQNM8ru4reAXaTlFCBXrC-se62sS-fg.7.woff]
[halim.website/blog/wp-content/fonts/gothic-a1/CSR94z5ZnPydRjlCCwl6b80oQNM8ru4reAXaTlFCBXrC-se62sS-fg.8.woff]
[halim.website/blog/wp-content/fonts/gothic-a1/CSR94z5ZnPydRjlCCwl6b80oQNM8ru4reAXaTlFCBXrC-se62sS-fg.9.woff]
[halim.website/blog/wp-content/fonts/gothic-a1/CSR94z5ZnPydRjlCCwl6b80oQNM8ru4reAXaTlFCBXrC-se62sS-fg.10.woff]
[halim.website/blog/wp-content/fonts/gothic-a1/CSR94z5ZnPydRjlCCwl6b80oQNM8ru4reAXaTlFCBXrC-se62sS-fg.11.woff]
[halim.website/blog/wp-content/fonts/gothic-a1/CSR94z5ZnPydRjlCCwl6b80oQNM8ru4reAXaTlFCBXrC-se62sS-fg.12.woff]
[halim.website/blog/wp-content/fonts/gothic-a1/CSR94z5ZnPydRjlCCwl6b80oQNM8ru4reAXaTlFCBXrC-se62sS-fg.13.woff]
[halim.website/blog/wp-content/fonts/gothic-a1/CSR94z5ZnPydRjlCCwl6b80oQNM8ru4reAXaTlFCBXrC-se62sS-fg.14.woff]
[halim.website/blog/wp-content/fonts/gothic-a1/CSR94z5ZnPydRjlCCwl6b80oQNM8ru4reAXaTlFCBXrC-se62sS-fg.15.woff]
[halim.website/blog/wp-content/fonts/gothic-a1/CSR94z5ZnPydRjlCCwl6b80oQNM8ru4reAXaTlFCBXrC-se62sS-fg.16.woff]
[halim.website/blog/wp-content/fonts/gothic-a1/CSR94z5ZnPydRjlCCwl6b80oQNM8ru4reAXaTlFCBXrC-se62sS-fg.17.woff]
[halim.website/blog/wp-content/fonts/gothic-a1/CSR94z5ZnPydRjlCCwl6b80oQNM8ru4reAXaTlFCBXrC-se62sS-fg.18.woff]
[halim.website/blog/wp-content/fonts/gothic-a1/CSR94z5ZnPydRjlCCwl6b80oQNM8ru4reAXaTlFCBXrC-se62sS-fg.19.woff]
[halim.website/blog/wp-content/fonts/gothic-a1/CSR94z5ZnPydRjlCCwl6b80oQNM8ru4reAXaTlFCBXrC-se62sS-fg.20.woff]
[halim.website/blog/wp-content/fonts/gothic-a1/CSR94z5ZnPydRjlCCwl6b80oQNM8ru4reAXaTlFCBXrC-se62sS-fg.21.woff]
[halim.website/blog/wp-content/fonts/gothic-a1/CSR94z5ZnPydRjlCCwl6b80oQNM8ru4reAXaTlFCBXrC-se62sS-fg.22.woff]
[halim.website/blog/wp-content/fonts/gothic-a1/CSR94z5ZnPydRjlCCwl6b80oQNM8ru4reAXaTlFCBXrC-se62sS-fg.23.woff]
[halim.website/blog/wp-content/fonts/gothic-a1/CSR94z5ZnPydRjlCCwl6b80oQNM8ru4reAXaTlFCBXrC-se62sS-fg.24.woff]
[halim.website/blog/wp-content/fonts/gothic-a1/CSR94z5ZnPydRjlCCwl6b80oQNM8ru4reAXaTlFCBXrC-se62sS-fg.25.woff]
[halim.website/blog/wp-content/fonts/gothic-a1/CSR94z5ZnPydRjlCCwl6b80oQNM8ru4reAXaTlFCBXrC-se62sS-fg.26.woff]
[halim.website/blog/wp-content/fonts/gothic-a1/CSR94z5ZnPydRjlCCwl6b80oQNM8ru4reAXaTlFCBXrC-se62sS-fg.27.woff]
[halim.website/blog/wp-content/fonts/gothic-a1/CSR94z5ZnPydRjlCCwl6b80oQNM8ru4reAXaTlFCBXrC-se62sS-fg.28.woff]
[halim.website/blog/wp-content/fonts/gothic-a1/CSR94z5ZnPydRjlCCwl6b80oQNM8ru4reAXaTlFCBXrC-se62sS-fg.29.woff]
[halim.website/blog/wp-content/fonts/gothic-a1/CSR94z5ZnPydRjlCCwl6b80oQNM8ru4reAXaTlFCBXrC-se62sS-fg.30.woff]
[halim.website/blog/wp-content/fonts/gothic-a1/CSR94z5ZnPydRjlCCwl6b80oQNM8ru4reAXaTlFCBXrC-se62sS-fg.31.woff]
[halim.website/blog/wp-content/fonts/gothic-a1/CSR94z5ZnPydRjlCCwl6b80oQNM8ru4reAXaTlFCBXrC-se62sS-fg.32.woff]
[halim.website/blog/wp-content/fonts/gothic-a1/CSR94z5ZnPydRjlCCwl6b80oQNM8ru4reAXaTlFCBXrC-se62sS-fg.33.woff]
[halim.website/blog/wp-content/fonts/gothic-a1/CSR94z5ZnPydRjlCCwl6b80oQNM8ru4reAXaTlFCBXrC-se62sS-fg.34.woff]
[halim.website/blog/wp-content/fonts/gothic-a1/CSR94z5ZnPydRjlCCwl6b80oQNM8ru4reAXaTlFCBXrC-se62sS-fg.35.woff]
[halim.website/blog/wp-content/fonts/gothic-a1/CSR94z5ZnPydRjlCCwl6b80oQNM8ru4reAXaTlFCBXrC-se62sS-fg.36.woff]
[halim.website/blog/wp-content/fonts/gothic-a1/CSR94z5ZnPydRjlCCwl6b80oQNM8ru4reAXaTlFCBXrC-se62sS-fg.37.woff]
[halim.website/blog/wp-content/fonts/gothic-a1/CSR94z5ZnPydRjlCCwl6b80oQNM8ru4reAXaTlFCBXrC-se62sS-fg.38.woff]
[halim.website/blog/wp-content/fonts/gothic-a1/CSR94z5ZnPydRjlCCwl6b80oQNM8ru4reAXaTlFCBXrC-se62sS-fg.39.woff]
[halim.website/blog/wp-content/fonts/gothic-a1/CSR94z5ZnPydRjlCCwl6b80oQNM8ru4reAXaTlFCBXrC-se62sS-fg.40.woff]
[halim.website/blog/wp-content/fonts/gothic-a1/CSR94z5ZnPydRjlCCwl6b80oQNM8ru4reAXaTlFCBXrC-se62sS-fg.41.woff]
[halim.website/blog/wp-content/fonts/gothic-a1/CSR94z5ZnPydRjlCCwl6b80oQNM8ru4reAXaTlFCBXrC-se62sS-fg.42.woff]
[halim.website/blog/wp-content/fonts/gothic-a1/CSR94z5ZnPydRjlCCwl6b80oQNM8ru4reAXaTlFCBXrC-se62sS-fg.43.woff]
[halim.website/blog/wp-content/fonts/gothic-a1/CSR94z5ZnPydRjlCCwl6b80oQNM8ru4reAXaTlFCBXrC-se62sS-fg.44.woff]
[halim.website/blog/wp-content/fonts/gothic-a1/CSR94z5ZnPydRjlCCwl6b80oQNM8ru4reAXaTlFCBXrC-se62sS-fg.45.woff]
[halim.website/blog/wp-content/fonts/gothic-a1/CSR94z5ZnPydRjlCCwl6b80oQNM8ru4reAXaTlFCBXrC-se62sS-fg.46.woff]
[halim.website/blog/wp-content/fonts/gothic-a1/CSR94z5ZnPydRjlCCwl6b80oQNM8ru4reAXaTlFCBXrC-se62sS-fg.47.woff]
[halim.website/blog/wp-content/fonts/gothic-a1/CSR94z5ZnPydRjlCCwl6b80oQNM8ru4reAXaTlFCBXrC-se62sS-fg.48.woff]
[halim.website/blog/wp-content/fonts/gothic-a1/CSR94z5ZnPydRjlCCwl6b80oQNM8ru4reAXaTlFCBXrC-se62sS-fg.49.woff]
[halim.website/blog/wp-content/fonts/gothic-a1/CSR94z5ZnPydRjlCCwl6b80oQNM8ru4reAXaTlFCBXrC-se62sS-fg.50.woff]
[halim.website/blog/wp-content/fonts/gothic-a1/CSR94z5ZnPydRjlCCwl6b80oQNM8ru4reAXaTlFCBXrC-se62sS-fg.51.woff]
[halim.website/blog/wp-content/fonts/gothic-a1/CSR94z5ZnPydRjlCCwl6b80oQNM8ru4reAXaTlFCBXrC-se62sS-fg.52.woff]
[halim.website/blog/wp-content/fonts/gothic-a1/CSR94z5ZnPydRjlCCwl6b80oQNM8ru4reAXaTlFCBXrC-se62sS-fg.53.woff]
[halim.website/blog/wp-content/fonts/gothic-a1/CSR94z5ZnPydRjlCCwl6b80oQNM8ru4reAXaTlFCBXrC-se62sS-fg.54.woff]
[halim.website/blog/wp-content/fonts/gothic-a1/CSR94z5ZnPydRjlCCwl6b80oQNM8ru4reAXaTlFCBXrC-se62sS-fg.55.woff]
[halim.website/blog/wp-content/fonts/gothic-a1/CSR94z5ZnPydRjlCCwl6b80oQNM8ru4reAXaTlFCBXrC-se62sS-fg.56.woff]
[halim.website/blog/wp-content/fonts/gothic-a1/CSR94z5ZnPydRjlCCwl6b80oQNM8ru4reAXaTlFCBXrC-se62sS-fg.57.woff]
[halim.website/blog/wp-content/fonts/gothic-a1/CSR94z5ZnPydRjlCCwl6b80oQNM8ru4reAXaTlFCBXrC-se62sS-fg.58.woff]
[halim.website/blog/wp-content/fonts/gothic-a1/CSR94z5ZnPydRjlCCwl6b80oQNM8ru4reAXaTlFCBXrC-se62sS-fg.59.woff]
[halim.website/blog/wp-content/fonts/gothic-a1/CSR94z5ZnPydRjlCCwl6b80oQNM8ru4reAXaTlFCBXrC-se62sS-fg.60.woff]
[halim.website/blog/wp-content/fonts/gothic-a1/CSR94z5ZnPydRjlCCwl6b80oQNM8ru4reAXaTlFCBXrC-se62sS-fg.61.woff]
[halim.website/blog/wp-content/fonts/gothic-a1/CSR94z5ZnPydRjlCCwl6b80oQNM8ru4reAXaTlFCBXrC-se62sS-fg.62.woff]
[halim.website/blog/wp-content/fonts/gothic-a1/CSR94z5ZnPydRjlCCwl6b80oQNM8ru4reAXaTlFCBXrC-se62sS-fg.63.woff]
[halim.website/blog/wp-content/fonts/gothic-a1/CSR94z5ZnPydRjlCCwl6b80oQNM8ru4reAXaTlFCBXrC-se62sS-fg.64.woff]
[halim.website/blog/wp-content/fonts/gothic-a1/CSR94z5ZnPydRjlCCwl6b80oQNM8ru4reAXaTlFCBXrC-se62sS-fg.65.woff]
[halim.website/blog/wp-content/fonts/gothic-a1/CSR94z5ZnPydRjlCCwl6b80oQNM8ru4reAXaTlFCBXrC-se62sS-fg.93.woff]
[halim.website/blog/wp-content/fonts/gothic-a1/CSR94z5ZnPydRjlCCwl6b80oQNM8ru4reAXaTlFCBXrC-se62sS-fg.94.woff]
[halim.website/blog/wp-content/fonts/gothic-a1/CSR94z5ZnPydRjlCCwl6b80oQNM8ru4reAXaTlFCBXrC-se62sS-fg.95.woff]
[halim.website/blog/wp-content/fonts/gothic-a1/CSR94z5ZnPydRjlCCwl6b80oQNM8ru4reAXaTlFCBXrC-se62sS-fg.96.woff]
[halim.website/blog/wp-content/fonts/gothic-a1/CSR94z5ZnPydRjlCCwl6b80oQNM8ru4reAXaTlFCBXrC-se62sS-fg.97.woff]
[halim.website/blog/wp-content/fonts/gothic-a1/CSR94z5ZnPydRjlCCwl6b80oQNM8ru4reAXaTlFCBXrC-se62sS-fg.98.woff]
[halim.website/blog/wp-content/fonts/gothic-a1/CSR94z5ZnPydRjlCCwl6b80oQNM8ru4reAXaTlFCBXrC-se62sS-fg.99.woff]
[halim.website/blog/wp-content/fonts/gothic-a1/CSR94z5ZnPydRjlCCwl6b80oQNM8ru4reAXaTlFCBXrC-se62sS-fg.100.woff]
[halim.website/blog/wp-content/fonts/gothic-a1/CSR94z5ZnPydRjlCCwl6b80oQNM8ru4reAXaTlFCBXrC-se62sS-fg.101.woff]
[halim.website/blog/wp-content/fonts/gothic-a1/CSR94z5ZnPydRjlCCwl6b80oQNM8ru4reAXaTlFCBXrC-se62sS-fg.102.woff]
[halim.website/blog/wp-content/fonts/gothic-a1/CSR94z5ZnPydRjlCCwl6b80oQNM8ru4reAXaTlFCBXrC-se62sS-fg.103.woff]
[halim.website/blog/wp-content/fonts/gothic-a1/CSR94z5ZnPydRjlCCwl6b80oQNM8ru4reAXaTlFCBXrC-se62sS-fg.104.woff]
[halim.website/blog/wp-content/fonts/gothic-a1/CSR94z5ZnPydRjlCCwl6b80oQNM8ru4reAXaTlFCBXrC-se62sS-fg.105.woff]
[halim.website/blog/wp-content/fonts/gothic-a1/CSR94z5ZnPydRjlCCwl6b80oQNM8ru4reAXaTlFCBXrC-se62sS-fg.106.woff]
[halim.website/blog/wp-content/fonts/gothic-a1/CSR94z5ZnPydRjlCCwl6b80oQNM8ru4reAXaTlFCBXrC-se62sS-fg.107.woff]
[halim.website/blog/wp-content/fonts/gothic-a1/CSR94z5ZnPydRjlCCwl6b80oQNM8ru4reAXaTlFCBXrC-se62sS-fg.108.woff]
[halim.website/blog/wp-content/fonts/gothic-a1/CSR94z5ZnPydRjlCCwl6b80oQNM8ru4reAXaTlFCBXrC-se62sS-fg.109.woff]
[halim.website/blog/wp-content/fonts/gothic-a1/CSR94z5ZnPydRjlCCwl6b80oQNM8ru4reAXaTlFCBXrC-se62sS-fg.110.woff]
[halim.website/blog/wp-content/fonts/gothic-a1/CSR94z5ZnPydRjlCCwl6b80oQNM8ru4reAXaTlFCBXrC-se62sS-fg.111.woff]
[halim.website/blog/wp-content/fonts/gothic-a1/CSR94z5ZnPydRjlCCwl6b80oQNM8ru4reAXaTlFCBXrC-se62sS-fg.112.woff]
[halim.website/blog/wp-content/fonts/gothic-a1/CSR94z5ZnPydRjlCCwl6b80oQNM8ru4reAXaTlFCBXrC-se62sS-fg.113.woff]
[halim.website/blog/wp-content/fonts/gothic-a1/CSR94z5ZnPydRjlCCwl6b80oQNM8ru4reAXaTlFCBXrC-se62sS-fg.114.woff]
[halim.website/blog/wp-content/fonts/gothic-a1/CSR94z5ZnPydRjlCCwl6b80oQNM8ru4reAXaTlFCBXrC-se62sS-fg.115.woff]
[halim.website/blog/wp-content/fonts/gothic-a1/CSR94z5ZnPydRjlCCwl6b80oQNM8ru4reAXaTlFCBXrC-se62sS-fg.116.woff]
[halim.website/blog/wp-content/fonts/gothic-a1/CSR94z5ZnPydRjlCCwl6b80oQNM8ru4reAXaTlFCBXrC-se62sS-fg.117.woff]
[halim.website/blog/wp-content/fonts/gothic-a1/CSR94z5ZnPydRjlCCwl6b80oQNM8ru4reAXaTlFCBXrC-se62sS-fg.118.woff]
[halim.website/blog/wp-content/fonts/gothic-a1/CSR94z5ZnPydRjlCCwl6b80oQNM8ru4reAXaTlFCBXrC-se62sS-fg.119.woff]
[halim.website/blog/wp-content/fonts/gothic-a1/CSR44z5ZnPydRjlCCwlCmOQKS_l8tORnAWCmQF9eP3_Jw8Kq0NHbEvCS7w.0.woff]
[halim.website/blog/wp-content/fonts/gothic-a1/CSR44z5ZnPydRjlCCwlCmOQKS_l8tORnAWCmQF9eP3_Jw8Kq0NHbEvCS7w.2.woff]
[halim.website/blog/wp-content/fonts/gothic-a1/CSR44z5ZnPydRjlCCwlCmOQKS_l8tORnAWCmQF9eP3_Jw8Kq0NHbEvCS7w.3.woff]
[halim.website/blog/wp-content/fonts/gothic-a1/CSR44z5ZnPydRjlCCwlCmOQKS_l8tORnAWCmQF9eP3_Jw8Kq0NHbEvCS7w.4.woff]
[halim.website/blog/wp-content/fonts/gothic-a1/CSR44z5ZnPydRjlCCwlCmOQKS_l8tORnAWCmQF9eP3_Jw8Kq0NHbEvCS7w.5.woff]
[halim.website/blog/wp-content/fonts/gothic-a1/CSR44z5ZnPydRjlCCwlCmOQKS_l8tORnAWCmQF9eP3_Jw8Kq0NHbEvCS7w.6.woff]
[halim.website/blog/wp-content/fonts/gothic-a1/CSR44z5ZnPydRjlCCwlCmOQKS_l8tORnAWCmQF9eP3_Jw8Kq0NHbEvCS7w.7.woff]
[halim.website/blog/wp-content/fonts/gothic-a1/CSR44z5ZnPydRjlCCwlCmOQKS_l8tORnAWCmQF9eP3_Jw8Kq0NHbEvCS7w.8.woff]
[halim.website/blog/wp-content/fonts/gothic-a1/CSR44z5ZnPydRjlCCwlCmOQKS_l8tORnAWCmQF9eP3_Jw8Kq0NHbEvCS7w.9.woff]
[halim.website/blog/wp-content/fonts/gothic-a1/CSR44z5ZnPydRjlCCwlCmOQKS_l8tORnAWCmQF9eP3_Jw8Kq0NHbEvCS7w.10.woff]
[halim.website/blog/wp-content/fonts/gothic-a1/CSR44z5ZnPydRjlCCwlCmOQKS_l8tORnAWCmQF9eP3_Jw8Kq0NHbEvCS7w.11.woff]
[halim.website/blog/wp-content/fonts/gothic-a1/CSR44z5ZnPydRjlCCwlCmOQKS_l8tORnAWCmQF9eP3_Jw8Kq0NHbEvCS7w.12.woff]
[halim.website/blog/wp-content/fonts/gothic-a1/CSR44z5ZnPydRjlCCwlCmOQKS_l8tORnAWCmQF9eP3_Jw8Kq0NHbEvCS7w.13.woff]
[halim.website/blog/wp-content/fonts/gothic-a1/CSR44z5ZnPydRjlCCwlCmOQKS_l8tORnAWCmQF9eP3_Jw8Kq0NHbEvCS7w.14.woff]
[halim.website/blog/wp-content/fonts/gothic-a1/CSR44z5ZnPydRjlCCwlCmOQKS_l8tORnAWCmQF9eP3_Jw8Kq0NHbEvCS7w.15.woff]
[halim.website/blog/wp-content/fonts/gothic-a1/CSR44z5ZnPydRjlCCwlCmOQKS_l8tORnAWCmQF9eP3_Jw8Kq0NHbEvCS7w.16.woff]
[halim.website/blog/wp-content/fonts/gothic-a1/CSR44z5ZnPydRjlCCwlCmOQKS_l8tORnAWCmQF9eP3_Jw8Kq0NHbEvCS7w.17.woff]
[halim.website/blog/wp-content/fonts/gothic-a1/CSR44z5ZnPydRjlCCwlCmOQKS_l8tORnAWCmQF9eP3_Jw8Kq0NHbEvCS7w.18.woff]
[halim.website/blog/wp-content/fonts/gothic-a1/CSR44z5ZnPydRjlCCwlCmOQKS_l8tORnAWCmQF9eP3_Jw8Kq0NHbEvCS7w.19.woff]
[halim.website/blog/wp-content/fonts/gothic-a1/CSR44z5ZnPydRjlCCwlCmOQKS_l8tORnAWCmQF9eP3_Jw8Kq0NHbEvCS7w.20.woff]
[halim.website/blog/wp-content/fonts/gothic-a1/CSR44z5ZnPydRjlCCwlCmOQKS_l8tORnAWCmQF9eP3_Jw8Kq0NHbEvCS7w.21.woff]
[halim.website/blog/wp-content/fonts/gothic-a1/CSR44z5ZnPydRjlCCwlCmOQKS_l8tORnAWCmQF9eP3_Jw8Kq0NHbEvCS7w.22.woff]
[halim.website/blog/wp-content/fonts/gothic-a1/CSR44z5ZnPydRjlCCwlCmOQKS_l8tORnAWCmQF9eP3_Jw8Kq0NHbEvCS7w.23.woff]
[halim.website/blog/wp-content/fonts/gothic-a1/CSR44z5ZnPydRjlCCwlCmOQKS_l8tORnAWCmQF9eP3_Jw8Kq0NHbEvCS7w.24.woff]
[halim.website/blog/wp-content/fonts/gothic-a1/CSR44z5ZnPydRjlCCwlCmOQKS_l8tORnAWCmQF9eP3_Jw8Kq0NHbEvCS7w.25.woff]
[halim.website/blog/wp-content/fonts/gothic-a1/CSR44z5ZnPydRjlCCwlCmOQKS_l8tORnAWCmQF9eP3_Jw8Kq0NHbEvCS7w.26.woff]
[halim.website/blog/wp-content/fonts/gothic-a1/CSR44z5ZnPydRjlCCwlCmOQKS_l8tORnAWCmQF9eP3_Jw8Kq0NHbEvCS7w.27.woff]
[halim.website/blog/wp-content/fonts/gothic-a1/CSR44z5ZnPydRjlCCwlCmOQKS_l8tORnAWCmQF9eP3_Jw8Kq0NHbEvCS7w.28.woff]
[halim.website/blog/wp-content/fonts/gothic-a1/CSR44z5ZnPydRjlCCwlCmOQKS_l8tORnAWCmQF9eP3_Jw8Kq0NHbEvCS7w.29.woff]
[halim.website/blog/wp-content/fonts/gothic-a1/CSR44z5ZnPydRjlCCwlCmOQKS_l8tORnAWCmQF9eP3_Jw8Kq0NHbEvCS7w.30.woff]
[halim.website/blog/wp-content/fonts/gothic-a1/CSR44z5ZnPydRjlCCwlCmOQKS_l8tORnAWCmQF9eP3_Jw8Kq0NHbEvCS7w.31.woff]
[halim.website/blog/wp-content/fonts/gothic-a1/CSR44z5ZnPydRjlCCwlCmOQKS_l8tORnAWCmQF9eP3_Jw8Kq0NHbEvCS7w.32.woff]
[halim.website/blog/wp-content/fonts/gothic-a1/CSR44z5ZnPydRjlCCwlCmOQKS_l8tORnAWCmQF9eP3_Jw8Kq0NHbEvCS7w.33.woff]
[halim.website/blog/wp-content/fonts/gothic-a1/CSR44z5ZnPydRjlCCwlCmOQKS_l8tORnAWCmQF9eP3_Jw8Kq0NHbEvCS7w.34.woff]
[halim.website/blog/wp-content/fonts/gothic-a1/CSR44z5ZnPydRjlCCwlCmOQKS_l8tORnAWCmQF9eP3_Jw8Kq0NHbEvCS7w.35.woff]
[halim.website/blog/wp-content/fonts/gothic-a1/CSR44z5ZnPydRjlCCwlCmOQKS_l8tORnAWCmQF9eP3_Jw8Kq0NHbEvCS7w.36.woff]
[halim.website/blog/wp-content/fonts/gothic-a1/CSR44z5ZnPydRjlCCwlCmOQKS_l8tORnAWCmQF9eP3_Jw8Kq0NHbEvCS7w.37.woff]
[halim.website/blog/wp-content/fonts/gothic-a1/CSR44z5ZnPydRjlCCwlCmOQKS_l8tORnAWCmQF9eP3_Jw8Kq0NHbEvCS7w.38.woff]
[halim.website/blog/wp-content/fonts/gothic-a1/CSR44z5ZnPydRjlCCwlCmOQKS_l8tORnAWCmQF9eP3_Jw8Kq0NHbEvCS7w.39.woff]
[halim.website/blog/wp-content/fonts/gothic-a1/CSR44z5ZnPydRjlCCwlCmOQKS_l8tORnAWCmQF9eP3_Jw8Kq0NHbEvCS7w.40.woff]
[halim.website/blog/wp-content/fonts/gothic-a1/CSR44z5ZnPydRjlCCwlCmOQKS_l8tORnAWCmQF9eP3_Jw8Kq0NHbEvCS7w.41.woff]
[halim.website/blog/wp-content/fonts/gothic-a1/CSR44z5ZnPydRjlCCwlCmOQKS_l8tORnAWCmQF9eP3_Jw8Kq0NHbEvCS7w.42.woff]
[halim.website/blog/wp-content/fonts/gothic-a1/CSR44z5ZnPydRjlCCwlCmOQKS_l8tORnAWCmQF9eP3_Jw8Kq0NHbEvCS7w.43.woff]
[halim.website/blog/wp-content/fonts/gothic-a1/CSR44z5ZnPydRjlCCwlCmOQKS_l8tORnAWCmQF9eP3_Jw8Kq0NHbEvCS7w.44.woff]
[halim.website/blog/wp-content/fonts/gothic-a1/CSR44z5ZnPydRjlCCwlCmOQKS_l8tORnAWCmQF9eP3_Jw8Kq0NHbEvCS7w.45.woff]
[halim.website/blog/wp-content/fonts/gothic-a1/CSR44z5ZnPydRjlCCwlCmOQKS_l8tORnAWCmQF9eP3_Jw8Kq0NHbEvCS7w.46.woff]
[halim.website/blog/wp-content/fonts/gothic-a1/CSR44z5ZnPydRjlCCwlCmOQKS_l8tORnAWCmQF9eP3_Jw8Kq0NHbEvCS7w.47.woff]
[halim.website/blog/wp-content/fonts/gothic-a1/CSR44z5ZnPydRjlCCwlCmOQKS_l8tORnAWCmQF9eP3_Jw8Kq0NHbEvCS7w.48.woff]
[halim.website/blog/wp-content/fonts/gothic-a1/CSR44z5ZnPydRjlCCwlCmOQKS_l8tORnAWCmQF9eP3_Jw8Kq0NHbEvCS7w.49.woff]
[halim.website/blog/wp-content/fonts/gothic-a1/CSR44z5ZnPydRjlCCwlCmOQKS_l8tORnAWCmQF9eP3_Jw8Kq0NHbEvCS7w.50.woff]
[halim.website/blog/wp-content/fonts/gothic-a1/CSR44z5ZnPydRjlCCwlCmOQKS_l8tORnAWCmQF9eP3_Jw8Kq0NHbEvCS7w.51.woff]
[halim.website/blog/wp-content/fonts/gothic-a1/CSR44z5ZnPydRjlCCwlCmOQKS_l8tORnAWCmQF9eP3_Jw8Kq0NHbEvCS7w.52.woff]
[halim.website/blog/wp-content/fonts/gothic-a1/CSR44z5ZnPydRjlCCwlCmOQKS_l8tORnAWCmQF9eP3_Jw8Kq0NHbEvCS7w.53.woff]
[halim.website/blog/wp-content/fonts/gothic-a1/CSR44z5ZnPydRjlCCwlCmOQKS_l8tORnAWCmQF9eP3_Jw8Kq0NHbEvCS7w.54.woff]
[halim.website/blog/wp-content/fonts/gothic-a1/CSR44z5ZnPydRjlCCwlCmOQKS_l8tORnAWCmQF9eP3_Jw8Kq0NHbEvCS7w.55.woff]
[halim.website/blog/wp-content/fonts/gothic-a1/CSR44z5ZnPydRjlCCwlCmOQKS_l8tORnAWCmQF9eP3_Jw8Kq0NHbEvCS7w.56.woff]
[halim.website/blog/wp-content/fonts/gothic-a1/CSR44z5ZnPydRjlCCwlCmOQKS_l8tORnAWCmQF9eP3_Jw8Kq0NHbEvCS7w.57.woff]
[halim.website/blog/wp-content/fonts/gothic-a1/CSR44z5ZnPydRjlCCwlCmOQKS_l8tORnAWCmQF9eP3_Jw8Kq0NHbEvCS7w.58.woff]
[halim.website/blog/wp-content/fonts/gothic-a1/CSR44z5ZnPydRjlCCwlCmOQKS_l8tORnAWCmQF9eP3_Jw8Kq0NHbEvCS7w.59.woff]
[halim.website/blog/wp-content/fonts/gothic-a1/CSR44z5ZnPydRjlCCwlCmOQKS_l8tORnAWCmQF9eP3_Jw8Kq0NHbEvCS7w.60.woff]
[halim.website/blog/wp-content/fonts/gothic-a1/CSR44z5ZnPydRjlCCwlCmOQKS_l8tORnAWCmQF9eP3_Jw8Kq0NHbEvCS7w.61.woff]
[halim.website/blog/wp-content/fonts/gothic-a1/CSR44z5ZnPydRjlCCwlCmOQKS_l8tORnAWCmQF9eP3_Jw8Kq0NHbEvCS7w.62.woff]
[halim.website/blog/wp-content/fonts/gothic-a1/CSR44z5ZnPydRjlCCwlCmOQKS_l8tORnAWCmQF9eP3_Jw8Kq0NHbEvCS7w.63.woff]
[halim.website/blog/wp-content/fonts/gothic-a1/CSR44z5ZnPydRjlCCwlCmOQKS_l8tORnAWCmQF9eP3_Jw8Kq0NHbEvCS7w.64.woff]
[halim.website/blog/wp-content/fonts/gothic-a1/CSR44z5ZnPydRjlCCwlCmOQKS_l8tORnAWCmQF9eP3_Jw8Kq0NHbEvCS7w.65.woff]
[halim.website/blog/wp-content/fonts/gothic-a1/CSR44z5ZnPydRjlCCwlCmOQKS_l8tORnAWCmQF9eP3_Jw8Kq0NHbEvCS7w.93.woff]
[halim.website/blog/wp-content/fonts/gothic-a1/CSR44z5ZnPydRjlCCwlCmOQKS_l8tORnAWCmQF9eP3_Jw8Kq0NHbEvCS7w.94.woff]
[halim.website/blog/wp-content/fonts/gothic-a1/CSR44z5ZnPydRjlCCwlCmOQKS_l8tORnAWCmQF9eP3_Jw8Kq0NHbEvCS7w.95.woff]
[halim.website/blog/wp-content/fonts/gothic-a1/CSR44z5ZnPydRjlCCwlCmOQKS_l8tORnAWCmQF9eP3_Jw8Kq0NHbEvCS7w.96.woff]
[halim.website/blog/wp-content/fonts/gothic-a1/CSR44z5ZnPydRjlCCwlCmOQKS_l8tORnAWCmQF9eP3_Jw8Kq0NHbEvCS7w.97.woff]
[halim.website/blog/wp-content/fonts/gothic-a1/CSR44z5ZnPydRjlCCwlCmOQKS_l8tORnAWCmQF9eP3_Jw8Kq0NHbEvCS7w.98.woff]
[halim.website/blog/wp-content/fonts/gothic-a1/CSR44z5ZnPydRjlCCwlCmOQKS_l8tORnAWCmQF9eP3_Jw8Kq0NHbEvCS7w.99.woff]
[halim.website/blog/wp-content/fonts/gothic-a1/CSR44z5ZnPydRjlCCwlCmOQKS_l8tORnAWCmQF9eP3_Jw8Kq0NHbEvCS7w.100.woff]
[halim.website/blog/wp-content/fonts/gothic-a1/CSR44z5ZnPydRjlCCwlCmOQKS_l8tORnAWCmQF9eP3_Jw8Kq0NHbEvCS7w.101.woff]
[halim.website/blog/wp-content/fonts/gothic-a1/CSR44z5ZnPydRjlCCwlCmOQKS_l8tORnAWCmQF9eP3_Jw8Kq0NHbEvCS7w.102.woff]
[halim.website/blog/wp-content/fonts/gothic-a1/CSR44z5ZnPydRjlCCwlCmOQKS_l8tORnAWCmQF9eP3_Jw8Kq0NHbEvCS7w.103.woff]
[halim.website/blog/wp-content/fonts/gothic-a1/CSR44z5ZnPydRjlCCwlCmOQKS_l8tORnAWCmQF9eP3_Jw8Kq0NHbEvCS7w.104.woff]
[halim.website/blog/wp-content/fonts/gothic-a1/CSR44z5ZnPydRjlCCwlCmOQKS_l8tORnAWCmQF9eP3_Jw8Kq0NHbEvCS7w.105.woff]
[halim.website/blog/wp-content/fonts/gothic-a1/CSR44z5ZnPydRjlCCwlCmOQKS_l8tORnAWCmQF9eP3_Jw8Kq0NHbEvCS7w.106.woff]
[halim.website/blog/wp-content/fonts/gothic-a1/CSR44z5ZnPydRjlCCwlCmOQKS_l8tORnAWCmQF9eP3_Jw8Kq0NHbEvCS7w.107.woff]
[halim.website/blog/wp-content/fonts/gothic-a1/CSR44z5ZnPydRjlCCwlCmOQKS_l8tORnAWCmQF9eP3_Jw8Kq0NHbEvCS7w.108.woff]
[halim.website/blog/wp-content/fonts/gothic-a1/CSR44z5ZnPydRjlCCwlCmOQKS_l8tORnAWCmQF9eP3_Jw8Kq0NHbEvCS7w.109.woff]
[halim.website/blog/wp-content/fonts/gothic-a1/CSR44z5ZnPydRjlCCwlCmOQKS_l8tORnAWCmQF9eP3_Jw8Kq0NHbEvCS7w.110.woff]
[halim.website/blog/wp-content/fonts/gothic-a1/CSR44z5ZnPydRjlCCwlCmOQKS_l8tORnAWCmQF9eP3_Jw8Kq0NHbEvCS7w.111.woff]
[halim.website/blog/wp-content/fonts/gothic-a1/CSR44z5ZnPydRjlCCwlCmOQKS_l8tORnAWCmQF9eP3_Jw8Kq0NHbEvCS7w.112.woff]
[halim.website/blog/wp-content/fonts/gothic-a1/CSR44z5ZnPydRjlCCwlCmOQKS_l8tORnAWCmQF9eP3_Jw8Kq0NHbEvCS7w.113.woff]
[halim.website/blog/wp-content/fonts/gothic-a1/CSR44z5ZnPydRjlCCwlCmOQKS_l8tORnAWCmQF9eP3_Jw8Kq0NHbEvCS7w.114.woff]
[halim.website/blog/wp-content/fonts/gothic-a1/CSR44z5ZnPydRjlCCwlCmOQKS_l8tORnAWCmQF9eP3_Jw8Kq0NHbEvCS7w.115.woff]
[halim.website/blog/wp-content/fonts/gothic-a1/CSR44z5ZnPydRjlCCwlCmOQKS_l8tORnAWCmQF9eP3_Jw8Kq0NHbEvCS7w.116.woff]
[halim.website/blog/wp-content/fonts/gothic-a1/CSR44z5ZnPydRjlCCwlCmOQKS_l8tORnAWCmQF9eP3_Jw8Kq0NHbEvCS7w.117.woff]
[halim.website/blog/wp-content/fonts/gothic-a1/CSR44z5ZnPydRjlCCwlCmOQKS_l8tORnAWCmQF9eP3_Jw8Kq0NHbEvCS7w.118.woff]
[halim.website/blog/wp-content/fonts/gothic-a1/CSR44z5ZnPydRjlCCwlCmOQKS_l8tORnAWCmQF9eP3_Jw8Kq0NHbEvCS7w.119.woff]
[halim.website/blog/wp-content/fonts/gothic-a1/CSR44z5ZnPydRjlCCwlCtOMKS_l8tORnAWCmQF9eP3_Jw8Kq0NHbEvCS7w.0.woff]
[halim.website/blog/wp-content/fonts/gothic-a1/CSR44z5ZnPydRjlCCwlCtOMKS_l8tORnAWCmQF9eP3_Jw8Kq0NHbEvCS7w.2.woff]
[halim.website/blog/wp-content/fonts/gothic-a1/CSR44z5ZnPydRjlCCwlCtOMKS_l8tORnAWCmQF9eP3_Jw8Kq0NHbEvCS7w.3.woff]
[halim.website/blog/wp-content/fonts/gothic-a1/CSR44z5ZnPydRjlCCwlCtOMKS_l8tORnAWCmQF9eP3_Jw8Kq0NHbEvCS7w.4.woff]
[halim.website/blog/wp-content/fonts/gothic-a1/CSR44z5ZnPydRjlCCwlCtOMKS_l8tORnAWCmQF9eP3_Jw8Kq0NHbEvCS7w.5.woff]
[halim.website/blog/wp-content/fonts/gothic-a1/CSR44z5ZnPydRjlCCwlCtOMKS_l8tORnAWCmQF9eP3_Jw8Kq0NHbEvCS7w.6.woff]
[halim.website/blog/wp-content/fonts/gothic-a1/CSR44z5ZnPydRjlCCwlCtOMKS_l8tORnAWCmQF9eP3_Jw8Kq0NHbEvCS7w.7.woff]
[halim.website/blog/wp-content/fonts/gothic-a1/CSR44z5ZnPydRjlCCwlCtOMKS_l8tORnAWCmQF9eP3_Jw8Kq0NHbEvCS7w.8.woff]
[halim.website/blog/wp-content/fonts/gothic-a1/CSR44z5ZnPydRjlCCwlCtOMKS_l8tORnAWCmQF9eP3_Jw8Kq0NHbEvCS7w.9.woff]
[halim.website/blog/wp-content/fonts/gothic-a1/CSR44z5ZnPydRjlCCwlCtOMKS_l8tORnAWCmQF9eP3_Jw8Kq0NHbEvCS7w.10.woff]
[halim.website/blog/wp-content/fonts/gothic-a1/CSR44z5ZnPydRjlCCwlCtOMKS_l8tORnAWCmQF9eP3_Jw8Kq0NHbEvCS7w.11.woff]
[halim.website/blog/wp-content/fonts/gothic-a1/CSR44z5ZnPydRjlCCwlCtOMKS_l8tORnAWCmQF9eP3_Jw8Kq0NHbEvCS7w.12.woff]
[halim.website/blog/wp-content/fonts/gothic-a1/CSR44z5ZnPydRjlCCwlCtOMKS_l8tORnAWCmQF9eP3_Jw8Kq0NHbEvCS7w.13.woff]
[halim.website/blog/wp-content/fonts/gothic-a1/CSR44z5ZnPydRjlCCwlCtOMKS_l8tORnAWCmQF9eP3_Jw8Kq0NHbEvCS7w.14.woff]
[halim.website/blog/wp-content/fonts/gothic-a1/CSR44z5ZnPydRjlCCwlCtOMKS_l8tORnAWCmQF9eP3_Jw8Kq0NHbEvCS7w.15.woff]
[halim.website/blog/wp-content/fonts/gothic-a1/CSR44z5ZnPydRjlCCwlCtOMKS_l8tORnAWCmQF9eP3_Jw8Kq0NHbEvCS7w.16.woff]
[halim.website/blog/wp-content/fonts/gothic-a1/CSR44z5ZnPydRjlCCwlCtOMKS_l8tORnAWCmQF9eP3_Jw8Kq0NHbEvCS7w.17.woff]
[halim.website/blog/wp-content/fonts/gothic-a1/CSR44z5ZnPydRjlCCwlCtOMKS_l8tORnAWCmQF9eP3_Jw8Kq0NHbEvCS7w.18.woff]
[halim.website/blog/wp-content/fonts/gothic-a1/CSR44z5ZnPydRjlCCwlCtOMKS_l8tORnAWCmQF9eP3_Jw8Kq0NHbEvCS7w.19.woff]
[halim.website/blog/wp-content/fonts/gothic-a1/CSR44z5ZnPydRjlCCwlCtOMKS_l8tORnAWCmQF9eP3_Jw8Kq0NHbEvCS7w.20.woff]
[halim.website/blog/wp-content/fonts/gothic-a1/CSR44z5ZnPydRjlCCwlCtOMKS_l8tORnAWCmQF9eP3_Jw8Kq0NHbEvCS7w.21.woff]
[halim.website/blog/wp-content/fonts/gothic-a1/CSR44z5ZnPydRjlCCwlCtOMKS_l8tORnAWCmQF9eP3_Jw8Kq0NHbEvCS7w.22.woff]
[halim.website/blog/wp-content/fonts/gothic-a1/CSR44z5ZnPydRjlCCwlCtOMKS_l8tORnAWCmQF9eP3_Jw8Kq0NHbEvCS7w.23.woff]
[halim.website/blog/wp-content/fonts/gothic-a1/CSR44z5ZnPydRjlCCwlCtOMKS_l8tORnAWCmQF9eP3_Jw8Kq0NHbEvCS7w.24.woff]
[halim.website/blog/wp-content/fonts/gothic-a1/CSR44z5ZnPydRjlCCwlCtOMKS_l8tORnAWCmQF9eP3_Jw8Kq0NHbEvCS7w.25.woff]
[halim.website/blog/wp-content/fonts/gothic-a1/CSR44z5ZnPydRjlCCwlCtOMKS_l8tORnAWCmQF9eP3_Jw8Kq0NHbEvCS7w.26.woff]
[halim.website/blog/wp-content/fonts/gothic-a1/CSR44z5ZnPydRjlCCwlCtOMKS_l8tORnAWCmQF9eP3_Jw8Kq0NHbEvCS7w.27.woff]
[halim.website/blog/wp-content/fonts/gothic-a1/CSR44z5ZnPydRjlCCwlCtOMKS_l8tORnAWCmQF9eP3_Jw8Kq0NHbEvCS7w.28.woff]
[halim.website/blog/wp-content/fonts/gothic-a1/CSR44z5ZnPydRjlCCwlCtOMKS_l8tORnAWCmQF9eP3_Jw8Kq0NHbEvCS7w.29.woff]
[halim.website/blog/wp-content/fonts/gothic-a1/CSR44z5ZnPydRjlCCwlCtOMKS_l8tORnAWCmQF9eP3_Jw8Kq0NHbEvCS7w.30.woff]
[halim.website/blog/wp-content/fonts/gothic-a1/CSR44z5ZnPydRjlCCwlCtOMKS_l8tORnAWCmQF9eP3_Jw8Kq0NHbEvCS7w.31.woff]
[halim.website/blog/wp-content/fonts/gothic-a1/CSR44z5ZnPydRjlCCwlCtOMKS_l8tORnAWCmQF9eP3_Jw8Kq0NHbEvCS7w.32.woff]
[halim.website/blog/wp-content/fonts/gothic-a1/CSR44z5ZnPydRjlCCwlCtOMKS_l8tORnAWCmQF9eP3_Jw8Kq0NHbEvCS7w.33.woff]
[halim.website/blog/wp-content/fonts/gothic-a1/CSR44z5ZnPydRjlCCwlCtOMKS_l8tORnAWCmQF9eP3_Jw8Kq0NHbEvCS7w.34.woff]
[halim.website/blog/wp-content/fonts/gothic-a1/CSR44z5ZnPydRjlCCwlCtOMKS_l8tORnAWCmQF9eP3_Jw8Kq0NHbEvCS7w.35.woff]
[halim.website/blog/wp-content/fonts/gothic-a1/CSR44z5ZnPydRjlCCwlCtOMKS_l8tORnAWCmQF9eP3_Jw8Kq0NHbEvCS7w.36.woff]
[halim.website/blog/wp-content/fonts/gothic-a1/CSR44z5ZnPydRjlCCwlCtOMKS_l8tORnAWCmQF9eP3_Jw8Kq0NHbEvCS7w.37.woff]
[halim.website/blog/wp-content/fonts/gothic-a1/CSR44z5ZnPydRjlCCwlCtOMKS_l8tORnAWCmQF9eP3_Jw8Kq0NHbEvCS7w.38.woff]
[halim.website/blog/wp-content/fonts/gothic-a1/CSR44z5ZnPydRjlCCwlCtOMKS_l8tORnAWCmQF9eP3_Jw8Kq0NHbEvCS7w.39.woff]
[halim.website/blog/wp-content/fonts/gothic-a1/CSR44z5ZnPydRjlCCwlCtOMKS_l8tORnAWCmQF9eP3_Jw8Kq0NHbEvCS7w.40.woff]
[halim.website/blog/wp-content/fonts/gothic-a1/CSR44z5ZnPydRjlCCwlCtOMKS_l8tORnAWCmQF9eP3_Jw8Kq0NHbEvCS7w.41.woff]
[halim.website/blog/wp-content/fonts/gothic-a1/CSR44z5ZnPydRjlCCwlCtOMKS_l8tORnAWCmQF9eP3_Jw8Kq0NHbEvCS7w.42.woff]
[halim.website/blog/wp-content/fonts/gothic-a1/CSR44z5ZnPydRjlCCwlCtOMKS_l8tORnAWCmQF9eP3_Jw8Kq0NHbEvCS7w.43.woff]
[halim.website/blog/wp-content/fonts/gothic-a1/CSR44z5ZnPydRjlCCwlCtOMKS_l8tORnAWCmQF9eP3_Jw8Kq0NHbEvCS7w.44.woff]
[halim.website/blog/wp-content/fonts/gothic-a1/CSR44z5ZnPydRjlCCwlCtOMKS_l8tORnAWCmQF9eP3_Jw8Kq0NHbEvCS7w.45.woff]
[halim.website/blog/wp-content/fonts/gothic-a1/CSR44z5ZnPydRjlCCwlCtOMKS_l8tORnAWCmQF9eP3_Jw8Kq0NHbEvCS7w.46.woff]
[halim.website/blog/wp-content/fonts/gothic-a1/CSR44z5ZnPydRjlCCwlCtOMKS_l8tORnAWCmQF9eP3_Jw8Kq0NHbEvCS7w.47.woff]
[halim.website/blog/wp-content/fonts/gothic-a1/CSR44z5ZnPydRjlCCwlCtOMKS_l8tORnAWCmQF9eP3_Jw8Kq0NHbEvCS7w.48.woff]
[halim.website/blog/wp-content/fonts/gothic-a1/CSR44z5ZnPydRjlCCwlCtOMKS_l8tORnAWCmQF9eP3_Jw8Kq0NHbEvCS7w.49.woff]
[halim.website/blog/wp-content/fonts/gothic-a1/CSR44z5ZnPydRjlCCwlCtOMKS_l8tORnAWCmQF9eP3_Jw8Kq0NHbEvCS7w.50.woff]
[halim.website/blog/wp-content/fonts/gothic-a1/CSR44z5ZnPydRjlCCwlCtOMKS_l8tORnAWCmQF9eP3_Jw8Kq0NHbEvCS7w.51.woff]
[halim.website/blog/wp-content/fonts/gothic-a1/CSR44z5ZnPydRjlCCwlCtOMKS_l8tORnAWCmQF9eP3_Jw8Kq0NHbEvCS7w.52.woff]
[halim.website/blog/wp-content/fonts/gothic-a1/CSR44z5ZnPydRjlCCwlCtOMKS_l8tORnAWCmQF9eP3_Jw8Kq0NHbEvCS7w.53.woff]
[halim.website/blog/wp-content/fonts/gothic-a1/CSR44z5ZnPydRjlCCwlCtOMKS_l8tORnAWCmQF9eP3_Jw8Kq0NHbEvCS7w.54.woff]
[halim.website/blog/wp-content/fonts/gothic-a1/CSR44z5ZnPydRjlCCwlCtOMKS_l8tORnAWCmQF9eP3_Jw8Kq0NHbEvCS7w.55.woff]
[halim.website/blog/wp-content/fonts/gothic-a1/CSR44z5ZnPydRjlCCwlCtOMKS_l8tORnAWCmQF9eP3_Jw8Kq0NHbEvCS7w.56.woff]
[halim.website/blog/wp-content/fonts/gothic-a1/CSR44z5ZnPydRjlCCwlCtOMKS_l8tORnAWCmQF9eP3_Jw8Kq0NHbEvCS7w.57.woff]
[halim.website/blog/wp-content/fonts/gothic-a1/CSR44z5ZnPydRjlCCwlCtOMKS_l8tORnAWCmQF9eP3_Jw8Kq0NHbEvCS7w.58.woff]
[halim.website/blog/wp-content/fonts/gothic-a1/CSR44z5ZnPydRjlCCwlCtOMKS_l8tORnAWCmQF9eP3_Jw8Kq0NHbEvCS7w.59.woff]
[halim.website/blog/wp-content/fonts/gothic-a1/CSR44z5ZnPydRjlCCwlCtOMKS_l8tORnAWCmQF9eP3_Jw8Kq0NHbEvCS7w.60.woff]
[halim.website/blog/wp-content/fonts/gothic-a1/CSR44z5ZnPydRjlCCwlCtOMKS_l8tORnAWCmQF9eP3_Jw8Kq0NHbEvCS7w.61.woff]
[halim.website/blog/wp-content/fonts/gothic-a1/CSR44z5ZnPydRjlCCwlCtOMKS_l8tORnAWCmQF9eP3_Jw8Kq0NHbEvCS7w.62.woff]
[halim.website/blog/wp-content/fonts/gothic-a1/CSR44z5ZnPydRjlCCwlCtOMKS_l8tORnAWCmQF9eP3_Jw8Kq0NHbEvCS7w.63.woff]
[halim.website/blog/wp-content/fonts/gothic-a1/CSR44z5ZnPydRjlCCwlCtOMKS_l8tORnAWCmQF9eP3_Jw8Kq0NHbEvCS7w.64.woff]
[halim.website/blog/wp-content/fonts/gothic-a1/CSR44z5ZnPydRjlCCwlCtOMKS_l8tORnAWCmQF9eP3_Jw8Kq0NHbEvCS7w.65.woff]
[halim.website/blog/wp-content/fonts/gothic-a1/CSR44z5ZnPydRjlCCwlCtOMKS_l8tORnAWCmQF9eP3_Jw8Kq0NHbEvCS7w.93.woff]
[halim.website/blog/wp-content/fonts/gothic-a1/CSR44z5ZnPydRjlCCwlCtOMKS_l8tORnAWCmQF9eP3_Jw8Kq0NHbEvCS7w.94.woff]
[halim.website/blog/wp-content/fonts/gothic-a1/CSR44z5ZnPydRjlCCwlCtOMKS_l8tORnAWCmQF9eP3_Jw8Kq0NHbEvCS7w.95.woff]
[halim.website/blog/wp-content/fonts/gothic-a1/CSR44z5ZnPydRjlCCwlCtOMKS_l8tORnAWCmQF9eP3_Jw8Kq0NHbEvCS7w.96.woff]
[halim.website/blog/wp-content/fonts/gothic-a1/CSR44z5ZnPydRjlCCwlCtOMKS_l8tORnAWCmQF9eP3_Jw8Kq0NHbEvCS7w.97.woff]
[halim.website/blog/wp-content/fonts/gothic-a1/CSR44z5ZnPydRjlCCwlCtOMKS_l8tORnAWCmQF9eP3_Jw8Kq0NHbEvCS7w.98.woff]
[halim.website/blog/wp-content/fonts/gothic-a1/CSR44z5ZnPydRjlCCwlCtOMKS_l8tORnAWCmQF9eP3_Jw8Kq0NHbEvCS7w.99.woff]
[halim.website/blog/wp-content/fonts/gothic-a1/CSR44z5ZnPydRjlCCwlCtOMKS_l8tORnAWCmQF9eP3_Jw8Kq0NHbEvCS7w.100.woff]
[halim.website/blog/wp-content/fonts/gothic-a1/CSR44z5ZnPydRjlCCwlCtOMKS_l8tORnAWCmQF9eP3_Jw8Kq0NHbEvCS7w.101.woff]
[halim.website/blog/wp-content/fonts/gothic-a1/CSR44z5ZnPydRjlCCwlCtOMKS_l8tORnAWCmQF9eP3_Jw8Kq0NHbEvCS7w.102.woff]
[halim.website/blog/wp-content/fonts/gothic-a1/CSR44z5ZnPydRjlCCwlCtOMKS_l8tORnAWCmQF9eP3_Jw8Kq0NHbEvCS7w.103.woff]
[halim.website/blog/wp-content/fonts/gothic-a1/CSR44z5ZnPydRjlCCwlCtOMKS_l8tORnAWCmQF9eP3_Jw8Kq0NHbEvCS7w.104.woff]
[halim.website/blog/wp-content/fonts/gothic-a1/CSR44z5ZnPydRjlCCwlCtOMKS_l8tORnAWCmQF9eP3_Jw8Kq0NHbEvCS7w.105.woff]
[halim.website/blog/wp-content/fonts/gothic-a1/CSR44z5ZnPydRjlCCwlCtOMKS_l8tORnAWCmQF9eP3_Jw8Kq0NHbEvCS7w.106.woff]
[halim.website/blog/wp-content/fonts/gothic-a1/CSR44z5ZnPydRjlCCwlCtOMKS_l8tORnAWCmQF9eP3_Jw8Kq0NHbEvCS7w.107.woff]
[halim.website/blog/wp-content/fonts/gothic-a1/CSR44z5ZnPydRjlCCwlCtOMKS_l8tORnAWCmQF9eP3_Jw8Kq0NHbEvCS7w.108.woff]
[halim.website/blog/wp-content/fonts/gothic-a1/CSR44z5ZnPydRjlCCwlCtOMKS_l8tORnAWCmQF9eP3_Jw8Kq0NHbEvCS7w.109.woff]
[halim.website/blog/wp-content/fonts/gothic-a1/CSR44z5ZnPydRjlCCwlCtOMKS_l8tORnAWCmQF9eP3_Jw8Kq0NHbEvCS7w.110.woff]
[halim.website/blog/wp-content/fonts/gothic-a1/CSR44z5ZnPydRjlCCwlCtOMKS_l8tORnAWCmQF9eP3_Jw8Kq0NHbEvCS7w.111.woff]
[halim.website/blog/wp-content/fonts/gothic-a1/CSR44z5ZnPydRjlCCwlCtOMKS_l8tORnAWCmQF9eP3_Jw8Kq0NHbEvCS7w.112.woff]
[halim.website/blog/wp-content/fonts/gothic-a1/CSR44z5ZnPydRjlCCwlCtOMKS_l8tORnAWCmQF9eP3_Jw8Kq0NHbEvCS7w.113.woff]
[halim.website/blog/wp-content/fonts/gothic-a1/CSR44z5ZnPydRjlCCwlCtOMKS_l8tORnAWCmQF9eP3_Jw8Kq0NHbEvCS7w.114.woff]
[halim.website/blog/wp-content/fonts/gothic-a1/CSR44z5ZnPydRjlCCwlCtOMKS_l8tORnAWCmQF9eP3_Jw8Kq0NHbEvCS7w.115.woff]
[halim.website/blog/wp-content/fonts/gothic-a1/CSR44z5ZnPydRjlCCwlCtOMKS_l8tORnAWCmQF9eP3_Jw8Kq0NHbEvCS7w.116.woff]
[halim.website/blog/wp-content/fonts/gothic-a1/CSR44z5ZnPydRjlCCwlCtOMKS_l8tORnAWCmQF9eP3_Jw8Kq0NHbEvCS7w.117.woff]
[halim.website/blog/wp-content/fonts/gothic-a1/CSR44z5ZnPydRjlCCwlCtOMKS_l8tORnAWCmQF9eP3_Jw8Kq0NHbEvCS7w.118.woff]
[halim.website/blog/wp-content/fonts/gothic-a1/CSR44z5ZnPydRjlCCwlCtOMKS_l8tORnAWCmQF9eP3_Jw8Kq0NHbEvCS7w.119.woff]
[halim.website/blog/wp-content/fonts/gothic-a1/CSR44z5ZnPydRjlCCwlC0OIKS_l8tORnAWCmQF9eP3_Jw8Kq0NHbEvCS7w.0.woff]
[halim.website/blog/wp-content/fonts/gothic-a1/CSR44z5ZnPydRjlCCwlC0OIKS_l8tORnAWCmQF9eP3_Jw8Kq0NHbEvCS7w.2.woff]
[halim.website/blog/wp-content/fonts/gothic-a1/CSR44z5ZnPydRjlCCwlC0OIKS_l8tORnAWCmQF9eP3_Jw8Kq0NHbEvCS7w.3.woff]
[halim.website/blog/wp-content/fonts/gothic-a1/CSR44z5ZnPydRjlCCwlC0OIKS_l8tORnAWCmQF9eP3_Jw8Kq0NHbEvCS7w.4.woff]
[halim.website/blog/wp-content/fonts/gothic-a1/CSR44z5ZnPydRjlCCwlC0OIKS_l8tORnAWCmQF9eP3_Jw8Kq0NHbEvCS7w.5.woff]
[halim.website/blog/wp-content/fonts/gothic-a1/CSR44z5ZnPydRjlCCwlC0OIKS_l8tORnAWCmQF9eP3_Jw8Kq0NHbEvCS7w.6.woff]
[halim.website/blog/wp-content/fonts/gothic-a1/CSR44z5ZnPydRjlCCwlC0OIKS_l8tORnAWCmQF9eP3_Jw8Kq0NHbEvCS7w.7.woff]
[halim.website/blog/wp-content/fonts/gothic-a1/CSR44z5ZnPydRjlCCwlC0OIKS_l8tORnAWCmQF9eP3_Jw8Kq0NHbEvCS7w.8.woff]
[halim.website/blog/wp-content/fonts/gothic-a1/CSR44z5ZnPydRjlCCwlC0OIKS_l8tORnAWCmQF9eP3_Jw8Kq0NHbEvCS7w.9.woff]
[halim.website/blog/wp-content/fonts/gothic-a1/CSR44z5ZnPydRjlCCwlC0OIKS_l8tORnAWCmQF9eP3_Jw8Kq0NHbEvCS7w.10.woff]
[halim.website/blog/wp-content/fonts/gothic-a1/CSR44z5ZnPydRjlCCwlC0OIKS_l8tORnAWCmQF9eP3_Jw8Kq0NHbEvCS7w.11.woff]
[halim.website/blog/wp-content/fonts/gothic-a1/CSR44z5ZnPydRjlCCwlC0OIKS_l8tORnAWCmQF9eP3_Jw8Kq0NHbEvCS7w.12.woff]
[halim.website/blog/wp-content/fonts/gothic-a1/CSR44z5ZnPydRjlCCwlC0OIKS_l8tORnAWCmQF9eP3_Jw8Kq0NHbEvCS7w.13.woff]
[halim.website/blog/wp-content/fonts/gothic-a1/CSR44z5ZnPydRjlCCwlC0OIKS_l8tORnAWCmQF9eP3_Jw8Kq0NHbEvCS7w.14.woff]
[halim.website/blog/wp-content/fonts/gothic-a1/CSR44z5ZnPydRjlCCwlC0OIKS_l8tORnAWCmQF9eP3_Jw8Kq0NHbEvCS7w.15.woff]
[halim.website/blog/wp-content/fonts/gothic-a1/CSR44z5ZnPydRjlCCwlC0OIKS_l8tORnAWCmQF9eP3_Jw8Kq0NHbEvCS7w.16.woff]
[halim.website/blog/wp-content/fonts/gothic-a1/CSR44z5ZnPydRjlCCwlC0OIKS_l8tORnAWCmQF9eP3_Jw8Kq0NHbEvCS7w.17.woff]
[halim.website/blog/wp-content/fonts/gothic-a1/CSR44z5ZnPydRjlCCwlC0OIKS_l8tORnAWCmQF9eP3_Jw8Kq0NHbEvCS7w.18.woff]
[halim.website/blog/wp-content/fonts/gothic-a1/CSR44z5ZnPydRjlCCwlC0OIKS_l8tORnAWCmQF9eP3_Jw8Kq0NHbEvCS7w.19.woff]
[halim.website/blog/wp-content/fonts/gothic-a1/CSR44z5ZnPydRjlCCwlC0OIKS_l8tORnAWCmQF9eP3_Jw8Kq0NHbEvCS7w.20.woff]
[halim.website/blog/wp-content/fonts/gothic-a1/CSR44z5ZnPydRjlCCwlC0OIKS_l8tORnAWCmQF9eP3_Jw8Kq0NHbEvCS7w.21.woff]
[halim.website/blog/wp-content/fonts/gothic-a1/CSR44z5ZnPydRjlCCwlC0OIKS_l8tORnAWCmQF9eP3_Jw8Kq0NHbEvCS7w.22.woff]
[halim.website/blog/wp-content/fonts/gothic-a1/CSR44z5ZnPydRjlCCwlC0OIKS_l8tORnAWCmQF9eP3_Jw8Kq0NHbEvCS7w.23.woff]
[halim.website/blog/wp-content/fonts/gothic-a1/CSR44z5ZnPydRjlCCwlC0OIKS_l8tORnAWCmQF9eP3_Jw8Kq0NHbEvCS7w.24.woff]
[halim.website/blog/wp-content/fonts/gothic-a1/CSR44z5ZnPydRjlCCwlC0OIKS_l8tORnAWCmQF9eP3_Jw8Kq0NHbEvCS7w.25.woff]
[halim.website/blog/wp-content/fonts/gothic-a1/CSR44z5ZnPydRjlCCwlC0OIKS_l8tORnAWCmQF9eP3_Jw8Kq0NHbEvCS7w.26.woff]
[halim.website/blog/wp-content/fonts/gothic-a1/CSR44z5ZnPydRjlCCwlC0OIKS_l8tORnAWCmQF9eP3_Jw8Kq0NHbEvCS7w.27.woff]
[halim.website/blog/wp-content/fonts/gothic-a1/CSR44z5ZnPydRjlCCwlC0OIKS_l8tORnAWCmQF9eP3_Jw8Kq0NHbEvCS7w.28.woff]
[halim.website/blog/wp-content/fonts/gothic-a1/CSR44z5ZnPydRjlCCwlC0OIKS_l8tORnAWCmQF9eP3_Jw8Kq0NHbEvCS7w.29.woff]
[halim.website/blog/wp-content/fonts/gothic-a1/CSR44z5ZnPydRjlCCwlC0OIKS_l8tORnAWCmQF9eP3_Jw8Kq0NHbEvCS7w.30.woff]
[halim.website/blog/wp-content/fonts/gothic-a1/CSR44z5ZnPydRjlCCwlC0OIKS_l8tORnAWCmQF9eP3_Jw8Kq0NHbEvCS7w.31.woff]
[halim.website/blog/wp-content/fonts/gothic-a1/CSR44z5ZnPydRjlCCwlC0OIKS_l8tORnAWCmQF9eP3_Jw8Kq0NHbEvCS7w.32.woff]
[halim.website/blog/wp-content/fonts/gothic-a1/CSR44z5ZnPydRjlCCwlC0OIKS_l8tORnAWCmQF9eP3_Jw8Kq0NHbEvCS7w.33.woff]
[halim.website/blog/wp-content/fonts/gothic-a1/CSR44z5ZnPydRjlCCwlC0OIKS_l8tORnAWCmQF9eP3_Jw8Kq0NHbEvCS7w.34.woff]
[halim.website/blog/wp-content/fonts/gothic-a1/CSR44z5ZnPydRjlCCwlC0OIKS_l8tORnAWCmQF9eP3_Jw8Kq0NHbEvCS7w.35.woff]
[halim.website/blog/wp-content/fonts/gothic-a1/CSR44z5ZnPydRjlCCwlC0OIKS_l8tORnAWCmQF9eP3_Jw8Kq0NHbEvCS7w.36.woff]
[halim.website/blog/wp-content/fonts/gothic-a1/CSR44z5ZnPydRjlCCwlC0OIKS_l8tORnAWCmQF9eP3_Jw8Kq0NHbEvCS7w.37.woff]
[halim.website/blog/wp-content/fonts/gothic-a1/CSR44z5ZnPydRjlCCwlC0OIKS_l8tORnAWCmQF9eP3_Jw8Kq0NHbEvCS7w.38.woff]
[halim.website/blog/wp-content/fonts/gothic-a1/CSR44z5ZnPydRjlCCwlC0OIKS_l8tORnAWCmQF9eP3_Jw8Kq0NHbEvCS7w.39.woff]
[halim.website/blog/wp-content/fonts/gothic-a1/CSR44z5ZnPydRjlCCwlC0OIKS_l8tORnAWCmQF9eP3_Jw8Kq0NHbEvCS7w.40.woff]
[halim.website/blog/wp-content/fonts/gothic-a1/CSR44z5ZnPydRjlCCwlC0OIKS_l8tORnAWCmQF9eP3_Jw8Kq0NHbEvCS7w.41.woff]
[halim.website/blog/wp-content/fonts/gothic-a1/CSR44z5ZnPydRjlCCwlC0OIKS_l8tORnAWCmQF9eP3_Jw8Kq0NHbEvCS7w.42.woff]
[halim.website/blog/wp-content/fonts/gothic-a1/CSR44z5ZnPydRjlCCwlC0OIKS_l8tORnAWCmQF9eP3_Jw8Kq0NHbEvCS7w.43.woff]
[halim.website/blog/wp-content/fonts/gothic-a1/CSR44z5ZnPydRjlCCwlC0OIKS_l8tORnAWCmQF9eP3_Jw8Kq0NHbEvCS7w.44.woff]
[halim.website/blog/wp-content/fonts/gothic-a1/CSR44z5ZnPydRjlCCwlC0OIKS_l8tORnAWCmQF9eP3_Jw8Kq0NHbEvCS7w.45.woff]
[halim.website/blog/wp-content/fonts/gothic-a1/CSR44z5ZnPydRjlCCwlC0OIKS_l8tORnAWCmQF9eP3_Jw8Kq0NHbEvCS7w.46.woff]
[halim.website/blog/wp-content/fonts/gothic-a1/CSR44z5ZnPydRjlCCwlC0OIKS_l8tORnAWCmQF9eP3_Jw8Kq0NHbEvCS7w.47.woff]
[halim.website/blog/wp-content/fonts/gothic-a1/CSR44z5ZnPydRjlCCwlC0OIKS_l8tORnAWCmQF9eP3_Jw8Kq0NHbEvCS7w.48.woff]
[halim.website/blog/wp-content/fonts/gothic-a1/CSR44z5ZnPydRjlCCwlC0OIKS_l8tORnAWCmQF9eP3_Jw8Kq0NHbEvCS7w.49.woff]
[halim.website/blog/wp-content/fonts/gothic-a1/CSR44z5ZnPydRjlCCwlC0OIKS_l8tORnAWCmQF9eP3_Jw8Kq0NHbEvCS7w.50.woff]
[halim.website/blog/wp-content/fonts/gothic-a1/CSR44z5ZnPydRjlCCwlC0OIKS_l8tORnAWCmQF9eP3_Jw8Kq0NHbEvCS7w.51.woff]
[halim.website/blog/wp-content/fonts/gothic-a1/CSR44z5ZnPydRjlCCwlC0OIKS_l8tORnAWCmQF9eP3_Jw8Kq0NHbEvCS7w.52.woff]
[halim.website/blog/wp-content/fonts/gothic-a1/CSR44z5ZnPydRjlCCwlC0OIKS_l8tORnAWCmQF9eP3_Jw8Kq0NHbEvCS7w.53.woff]
[halim.website/blog/wp-content/fonts/gothic-a1/CSR44z5ZnPydRjlCCwlC0OIKS_l8tORnAWCmQF9eP3_Jw8Kq0NHbEvCS7w.54.woff]
[halim.website/blog/wp-content/fonts/gothic-a1/CSR44z5ZnPydRjlCCwlC0OIKS_l8tORnAWCmQF9eP3_Jw8Kq0NHbEvCS7w.55.woff]
[halim.website/blog/wp-content/fonts/gothic-a1/CSR44z5ZnPydRjlCCwlC0OIKS_l8tORnAWCmQF9eP3_Jw8Kq0NHbEvCS7w.56.woff]
[halim.website/blog/wp-content/fonts/gothic-a1/CSR44z5ZnPydRjlCCwlC0OIKS_l8tORnAWCmQF9eP3_Jw8Kq0NHbEvCS7w.57.woff]
[halim.website/blog/wp-content/fonts/gothic-a1/CSR44z5ZnPydRjlCCwlC0OIKS_l8tORnAWCmQF9eP3_Jw8Kq0NHbEvCS7w.58.woff]
[halim.website/blog/wp-content/fonts/gothic-a1/CSR44z5ZnPydRjlCCwlC0OIKS_l8tORnAWCmQF9eP3_Jw8Kq0NHbEvCS7w.59.woff]
[halim.website/blog/wp-content/fonts/gothic-a1/CSR44z5ZnPydRjlCCwlC0OIKS_l8tORnAWCmQF9eP3_Jw8Kq0NHbEvCS7w.60.woff]
[halim.website/blog/wp-content/fonts/gothic-a1/CSR44z5ZnPydRjlCCwlC0OIKS_l8tORnAWCmQF9eP3_Jw8Kq0NHbEvCS7w.61.woff]
[halim.website/blog/wp-content/fonts/gothic-a1/CSR44z5ZnPydRjlCCwlC0OIKS_l8tORnAWCmQF9eP3_Jw8Kq0NHbEvCS7w.62.woff]
[halim.website/blog/wp-content/fonts/gothic-a1/CSR44z5ZnPydRjlCCwlC0OIKS_l8tORnAWCmQF9eP3_Jw8Kq0NHbEvCS7w.63.woff]
[halim.website/blog/wp-content/fonts/gothic-a1/CSR44z5ZnPydRjlCCwlC0OIKS_l8tORnAWCmQF9eP3_Jw8Kq0NHbEvCS7w.64.woff]
[halim.website/blog/wp-content/fonts/gothic-a1/CSR44z5ZnPydRjlCCwlC0OIKS_l8tORnAWCmQF9eP3_Jw8Kq0NHbEvCS7w.65.woff]
[halim.website/blog/wp-content/fonts/gothic-a1/CSR44z5ZnPydRjlCCwlC0OIKS_l8tORnAWCmQF9eP3_Jw8Kq0NHbEvCS7w.93.woff]
[halim.website/blog/wp-content/fonts/gothic-a1/CSR44z5ZnPydRjlCCwlC0OIKS_l8tORnAWCmQF9eP3_Jw8Kq0NHbEvCS7w.94.woff]
[halim.website/blog/wp-content/fonts/gothic-a1/CSR44z5ZnPydRjlCCwlC0OIKS_l8tORnAWCmQF9eP3_Jw8Kq0NHbEvCS7w.95.woff]
[halim.website/blog/wp-content/fonts/gothic-a1/CSR44z5ZnPydRjlCCwlC0OIKS_l8tORnAWCmQF9eP3_Jw8Kq0NHbEvCS7w.96.woff]
[halim.website/blog/wp-content/fonts/gothic-a1/CSR44z5ZnPydRjlCCwlC0OIKS_l8tORnAWCmQF9eP3_Jw8Kq0NHbEvCS7w.97.woff]
[halim.website/blog/wp-content/fonts/gothic-a1/CSR44z5ZnPydRjlCCwlC0OIKS_l8tORnAWCmQF9eP3_Jw8Kq0NHbEvCS7w.98.woff]
[halim.website/blog/wp-content/fonts/gothic-a1/CSR44z5ZnPydRjlCCwlC0OIKS_l8tORnAWCmQF9eP3_Jw8Kq0NHbEvCS7w.99.woff]
[halim.website/blog/wp-content/fonts/gothic-a1/CSR44z5ZnPydRjlCCwlC0OIKS_l8tORnAWCmQF9eP3_Jw8Kq0NHbEvCS7w.100.woff]
[halim.website/blog/wp-content/fonts/gothic-a1/CSR44z5ZnPydRjlCCwlC0OIKS_l8tORnAWCmQF9eP3_Jw8Kq0NHbEvCS7w.101.woff]
[halim.website/blog/wp-content/fonts/gothic-a1/CSR44z5ZnPydRjlCCwlC0OIKS_l8tORnAWCmQF9eP3_Jw8Kq0NHbEvCS7w.102.woff]
[halim.website/blog/wp-content/fonts/gothic-a1/CSR44z5ZnPydRjlCCwlC0OIKS_l8tORnAWCmQF9eP3_Jw8Kq0NHbEvCS7w.103.woff]
[halim.website/blog/wp-content/fonts/gothic-a1/CSR44z5ZnPydRjlCCwlC0OIKS_l8tORnAWCmQF9eP3_Jw8Kq0NHbEvCS7w.104.woff]
[halim.website/blog/wp-content/fonts/gothic-a1/CSR44z5ZnPydRjlCCwlC0OIKS_l8tORnAWCmQF9eP3_Jw8Kq0NHbEvCS7w.105.woff]
[halim.website/blog/wp-content/fonts/gothic-a1/CSR44z5ZnPydRjlCCwlC0OIKS_l8tORnAWCmQF9eP3_Jw8Kq0NHbEvCS7w.106.woff]
[halim.website/blog/wp-content/fonts/gothic-a1/CSR44z5ZnPydRjlCCwlC0OIKS_l8tORnAWCmQF9eP3_Jw8Kq0NHbEvCS7w.107.woff]
[halim.website/blog/wp-content/fonts/gothic-a1/CSR44z5ZnPydRjlCCwlC0OIKS_l8tORnAWCmQF9eP3_Jw8Kq0NHbEvCS7w.108.woff]
[halim.website/blog/wp-content/fonts/gothic-a1/CSR44z5ZnPydRjlCCwlC0OIKS_l8tORnAWCmQF9eP3_Jw8Kq0NHbEvCS7w.109.woff]
[halim.website/blog/wp-content/fonts/gothic-a1/CSR44z5ZnPydRjlCCwlC0OIKS_l8tORnAWCmQF9eP3_Jw8Kq0NHbEvCS7w.110.woff]
[halim.website/blog/wp-content/fonts/gothic-a1/CSR44z5ZnPydRjlCCwlC0OIKS_l8tORnAWCmQF9eP3_Jw8Kq0NHbEvCS7w.111.woff]
[halim.website/blog/wp-content/fonts/gothic-a1/CSR44z5ZnPydRjlCCwlC0OIKS_l8tORnAWCmQF9eP3_Jw8Kq0NHbEvCS7w.112.woff]
[halim.website/blog/wp-content/fonts/gothic-a1/CSR44z5ZnPydRjlCCwlC0OIKS_l8tORnAWCmQF9eP3_Jw8Kq0NHbEvCS7w.113.woff]
[halim.website/blog/wp-content/fonts/gothic-a1/CSR44z5ZnPydRjlCCwlC0OIKS_l8tORnAWCmQF9eP3_Jw8Kq0NHbEvCS7w.114.woff]
[halim.website/blog/wp-content/fonts/gothic-a1/CSR44z5ZnPydRjlCCwlC0OIKS_l8tORnAWCmQF9eP3_Jw8Kq0NHbEvCS7w.115.woff]
[halim.website/blog/wp-content/fonts/gothic-a1/CSR44z5ZnPydRjlCCwlC0OIKS_l8tORnAWCmQF9eP3_Jw8Kq0NHbEvCS7w.116.woff]
[halim.website/blog/wp-content/fonts/gothic-a1/CSR44z5ZnPydRjlCCwlC0OIKS_l8tORnAWCmQF9eP3_Jw8Kq0NHbEvCS7w.117.woff]
[halim.website/blog/wp-content/fonts/gothic-a1/CSR44z5ZnPydRjlCCwlC0OIKS_l8tORnAWCmQF9eP3_Jw8Kq0NHbEvCS7w.118.woff]
[halim.website/blog/wp-content/fonts/gothic-a1/CSR44z5ZnPydRjlCCwlC0OIKS_l8tORnAWCmQF9eP3_Jw8Kq0NHbEvCS7w.119.woff]
[halim.website/blog/wp-content/fonts/gothic-a1/CSR44z5ZnPydRjlCCwlCzOEKS_l8tORnAWCmQF9eP3_Jw8Kq0NHbEvCS7w.0.woff]
[halim.website/blog/wp-content/fonts/gothic-a1/CSR44z5ZnPydRjlCCwlCzOEKS_l8tORnAWCmQF9eP3_Jw8Kq0NHbEvCS7w.2.woff]
[halim.website/blog/wp-content/fonts/gothic-a1/CSR44z5ZnPydRjlCCwlCzOEKS_l8tORnAWCmQF9eP3_Jw8Kq0NHbEvCS7w.3.woff]
[halim.website/blog/wp-content/fonts/gothic-a1/CSR44z5ZnPydRjlCCwlCzOEKS_l8tORnAWCmQF9eP3_Jw8Kq0NHbEvCS7w.4.woff]
[halim.website/blog/wp-content/fonts/gothic-a1/CSR44z5ZnPydRjlCCwlCzOEKS_l8tORnAWCmQF9eP3_Jw8Kq0NHbEvCS7w.5.woff]
[halim.website/blog/wp-content/fonts/gothic-a1/CSR44z5ZnPydRjlCCwlCzOEKS_l8tORnAWCmQF9eP3_Jw8Kq0NHbEvCS7w.6.woff]
[halim.website/blog/wp-content/fonts/gothic-a1/CSR44z5ZnPydRjlCCwlCzOEKS_l8tORnAWCmQF9eP3_Jw8Kq0NHbEvCS7w.7.woff]
[halim.website/blog/wp-content/fonts/gothic-a1/CSR44z5ZnPydRjlCCwlCzOEKS_l8tORnAWCmQF9eP3_Jw8Kq0NHbEvCS7w.8.woff]
[halim.website/blog/wp-content/fonts/gothic-a1/CSR44z5ZnPydRjlCCwlCzOEKS_l8tORnAWCmQF9eP3_Jw8Kq0NHbEvCS7w.9.woff]
[halim.website/blog/wp-content/fonts/gothic-a1/CSR44z5ZnPydRjlCCwlCzOEKS_l8tORnAWCmQF9eP3_Jw8Kq0NHbEvCS7w.10.woff]
[halim.website/blog/wp-content/fonts/gothic-a1/CSR44z5ZnPydRjlCCwlCzOEKS_l8tORnAWCmQF9eP3_Jw8Kq0NHbEvCS7w.11.woff]
[halim.website/blog/wp-content/fonts/gothic-a1/CSR44z5ZnPydRjlCCwlCzOEKS_l8tORnAWCmQF9eP3_Jw8Kq0NHbEvCS7w.12.woff]
[halim.website/blog/wp-content/fonts/gothic-a1/CSR44z5ZnPydRjlCCwlCzOEKS_l8tORnAWCmQF9eP3_Jw8Kq0NHbEvCS7w.13.woff]
[halim.website/blog/wp-content/fonts/gothic-a1/CSR44z5ZnPydRjlCCwlCzOEKS_l8tORnAWCmQF9eP3_Jw8Kq0NHbEvCS7w.14.woff]
[halim.website/blog/wp-content/fonts/gothic-a1/CSR44z5ZnPydRjlCCwlCzOEKS_l8tORnAWCmQF9eP3_Jw8Kq0NHbEvCS7w.15.woff]
[halim.website/blog/wp-content/fonts/gothic-a1/CSR44z5ZnPydRjlCCwlCzOEKS_l8tORnAWCmQF9eP3_Jw8Kq0NHbEvCS7w.16.woff]
[halim.website/blog/wp-content/fonts/gothic-a1/CSR44z5ZnPydRjlCCwlCzOEKS_l8tORnAWCmQF9eP3_Jw8Kq0NHbEvCS7w.17.woff]
[halim.website/blog/wp-content/fonts/gothic-a1/CSR44z5ZnPydRjlCCwlCzOEKS_l8tORnAWCmQF9eP3_Jw8Kq0NHbEvCS7w.18.woff]
[halim.website/blog/wp-content/fonts/gothic-a1/CSR44z5ZnPydRjlCCwlCzOEKS_l8tORnAWCmQF9eP3_Jw8Kq0NHbEvCS7w.19.woff]
[halim.website/blog/wp-content/fonts/gothic-a1/CSR44z5ZnPydRjlCCwlCzOEKS_l8tORnAWCmQF9eP3_Jw8Kq0NHbEvCS7w.20.woff]
[halim.website/blog/wp-content/fonts/gothic-a1/CSR44z5ZnPydRjlCCwlCzOEKS_l8tORnAWCmQF9eP3_Jw8Kq0NHbEvCS7w.21.woff]
[halim.website/blog/wp-content/fonts/gothic-a1/CSR44z5ZnPydRjlCCwlCzOEKS_l8tORnAWCmQF9eP3_Jw8Kq0NHbEvCS7w.22.woff]
[halim.website/blog/wp-content/fonts/gothic-a1/CSR44z5ZnPydRjlCCwlCzOEKS_l8tORnAWCmQF9eP3_Jw8Kq0NHbEvCS7w.23.woff]
[halim.website/blog/wp-content/fonts/gothic-a1/CSR44z5ZnPydRjlCCwlCzOEKS_l8tORnAWCmQF9eP3_Jw8Kq0NHbEvCS7w.24.woff]
[halim.website/blog/wp-content/fonts/gothic-a1/CSR44z5ZnPydRjlCCwlCzOEKS_l8tORnAWCmQF9eP3_Jw8Kq0NHbEvCS7w.25.woff]
[halim.website/blog/wp-content/fonts/gothic-a1/CSR44z5ZnPydRjlCCwlCzOEKS_l8tORnAWCmQF9eP3_Jw8Kq0NHbEvCS7w.26.woff]
[halim.website/blog/wp-content/fonts/gothic-a1/CSR44z5ZnPydRjlCCwlCzOEKS_l8tORnAWCmQF9eP3_Jw8Kq0NHbEvCS7w.27.woff]
[halim.website/blog/wp-content/fonts/gothic-a1/CSR44z5ZnPydRjlCCwlCzOEKS_l8tORnAWCmQF9eP3_Jw8Kq0NHbEvCS7w.28.woff]
[halim.website/blog/wp-content/fonts/gothic-a1/CSR44z5ZnPydRjlCCwlCzOEKS_l8tORnAWCmQF9eP3_Jw8Kq0NHbEvCS7w.29.woff]
[halim.website/blog/wp-content/fonts/gothic-a1/CSR44z5ZnPydRjlCCwlCzOEKS_l8tORnAWCmQF9eP3_Jw8Kq0NHbEvCS7w.30.woff]
[halim.website/blog/wp-content/fonts/gothic-a1/CSR44z5ZnPydRjlCCwlCzOEKS_l8tORnAWCmQF9eP3_Jw8Kq0NHbEvCS7w.31.woff]
[halim.website/blog/wp-content/fonts/gothic-a1/CSR44z5ZnPydRjlCCwlCzOEKS_l8tORnAWCmQF9eP3_Jw8Kq0NHbEvCS7w.32.woff]
[halim.website/blog/wp-content/fonts/gothic-a1/CSR44z5ZnPydRjlCCwlCzOEKS_l8tORnAWCmQF9eP3_Jw8Kq0NHbEvCS7w.33.woff]
[halim.website/blog/wp-content/fonts/gothic-a1/CSR44z5ZnPydRjlCCwlCzOEKS_l8tORnAWCmQF9eP3_Jw8Kq0NHbEvCS7w.34.woff]
[halim.website/blog/wp-content/fonts/gothic-a1/CSR44z5ZnPydRjlCCwlCzOEKS_l8tORnAWCmQF9eP3_Jw8Kq0NHbEvCS7w.35.woff]
[halim.website/blog/wp-content/fonts/gothic-a1/CSR44z5ZnPydRjlCCwlCzOEKS_l8tORnAWCmQF9eP3_Jw8Kq0NHbEvCS7w.36.woff]
[halim.website/blog/wp-content/fonts/gothic-a1/CSR44z5ZnPydRjlCCwlCzOEKS_l8tORnAWCmQF9eP3_Jw8Kq0NHbEvCS7w.37.woff]
[halim.website/blog/wp-content/fonts/gothic-a1/CSR44z5ZnPydRjlCCwlCzOEKS_l8tORnAWCmQF9eP3_Jw8Kq0NHbEvCS7w.38.woff]
[halim.website/blog/wp-content/fonts/gothic-a1/CSR44z5ZnPydRjlCCwlCzOEKS_l8tORnAWCmQF9eP3_Jw8Kq0NHbEvCS7w.39.woff]
[halim.website/blog/wp-content/fonts/gothic-a1/CSR44z5ZnPydRjlCCwlCzOEKS_l8tORnAWCmQF9eP3_Jw8Kq0NHbEvCS7w.40.woff]
[halim.website/blog/wp-content/fonts/gothic-a1/CSR44z5ZnPydRjlCCwlCzOEKS_l8tORnAWCmQF9eP3_Jw8Kq0NHbEvCS7w.41.woff]
[halim.website/blog/wp-content/fonts/gothic-a1/CSR44z5ZnPydRjlCCwlCzOEKS_l8tORnAWCmQF9eP3_Jw8Kq0NHbEvCS7w.42.woff]
[halim.website/blog/wp-content/fonts/gothic-a1/CSR44z5ZnPydRjlCCwlCzOEKS_l8tORnAWCmQF9eP3_Jw8Kq0NHbEvCS7w.43.woff]
[halim.website/blog/wp-content/fonts/gothic-a1/CSR44z5ZnPydRjlCCwlCzOEKS_l8tORnAWCmQF9eP3_Jw8Kq0NHbEvCS7w.44.woff]
[halim.website/blog/wp-content/fonts/gothic-a1/CSR44z5ZnPydRjlCCwlCzOEKS_l8tORnAWCmQF9eP3_Jw8Kq0NHbEvCS7w.45.woff]
[halim.website/blog/wp-content/fonts/gothic-a1/CSR44z5ZnPydRjlCCwlCzOEKS_l8tORnAWCmQF9eP3_Jw8Kq0NHbEvCS7w.46.woff]
[halim.website/blog/wp-content/fonts/gothic-a1/CSR44z5ZnPydRjlCCwlCzOEKS_l8tORnAWCmQF9eP3_Jw8Kq0NHbEvCS7w.47.woff]
[halim.website/blog/wp-content/fonts/gothic-a1/CSR44z5ZnPydRjlCCwlCzOEKS_l8tORnAWCmQF9eP3_Jw8Kq0NHbEvCS7w.48.woff]
[halim.website/blog/wp-content/fonts/gothic-a1/CSR44z5ZnPydRjlCCwlCzOEKS_l8tORnAWCmQF9eP3_Jw8Kq0NHbEvCS7w.49.woff]
[halim.website/blog/wp-content/fonts/gothic-a1/CSR44z5ZnPydRjlCCwlCzOEKS_l8tORnAWCmQF9eP3_Jw8Kq0NHbEvCS7w.50.woff]
[halim.website/blog/wp-content/fonts/gothic-a1/CSR44z5ZnPydRjlCCwlCzOEKS_l8tORnAWCmQF9eP3_Jw8Kq0NHbEvCS7w.51.woff]
[halim.website/blog/wp-content/fonts/gothic-a1/CSR44z5ZnPydRjlCCwlCzOEKS_l8tORnAWCmQF9eP3_Jw8Kq0NHbEvCS7w.52.woff]
[halim.website/blog/wp-content/fonts/gothic-a1/CSR44z5ZnPydRjlCCwlCzOEKS_l8tORnAWCmQF9eP3_Jw8Kq0NHbEvCS7w.53.woff]
[halim.website/blog/wp-content/fonts/gothic-a1/CSR44z5ZnPydRjlCCwlCzOEKS_l8tORnAWCmQF9eP3_Jw8Kq0NHbEvCS7w.54.woff]
[halim.website/blog/wp-content/fonts/gothic-a1/CSR44z5ZnPydRjlCCwlCzOEKS_l8tORnAWCmQF9eP3_Jw8Kq0NHbEvCS7w.55.woff]
[halim.website/blog/wp-content/fonts/gothic-a1/CSR44z5ZnPydRjlCCwlCzOEKS_l8tORnAWCmQF9eP3_Jw8Kq0NHbEvCS7w.56.woff]
[halim.website/blog/wp-content/fonts/gothic-a1/CSR44z5ZnPydRjlCCwlCzOEKS_l8tORnAWCmQF9eP3_Jw8Kq0NHbEvCS7w.57.woff]
[halim.website/blog/wp-content/fonts/gothic-a1/CSR44z5ZnPydRjlCCwlCzOEKS_l8tORnAWCmQF9eP3_Jw8Kq0NHbEvCS7w.58.woff]
[halim.website/blog/wp-content/fonts/gothic-a1/CSR44z5ZnPydRjlCCwlCzOEKS_l8tORnAWCmQF9eP3_Jw8Kq0NHbEvCS7w.59.woff]
[halim.website/blog/wp-content/fonts/gothic-a1/CSR44z5ZnPydRjlCCwlCzOEKS_l8tORnAWCmQF9eP3_Jw8Kq0NHbEvCS7w.60.woff]
[halim.website/blog/wp-content/fonts/gothic-a1/CSR44z5ZnPydRjlCCwlCzOEKS_l8tORnAWCmQF9eP3_Jw8Kq0NHbEvCS7w.61.woff]
[halim.website/blog/wp-content/fonts/gothic-a1/CSR44z5ZnPydRjlCCwlCzOEKS_l8tORnAWCmQF9eP3_Jw8Kq0NHbEvCS7w.62.woff]
[halim.website/blog/wp-content/fonts/gothic-a1/CSR44z5ZnPydRjlCCwlCzOEKS_l8tORnAWCmQF9eP3_Jw8Kq0NHbEvCS7w.63.woff]
[halim.website/blog/wp-content/fonts/gothic-a1/CSR44z5ZnPydRjlCCwlCzOEKS_l8tORnAWCmQF9eP3_Jw8Kq0NHbEvCS7w.64.woff]
[halim.website/blog/wp-content/fonts/gothic-a1/CSR44z5ZnPydRjlCCwlCzOEKS_l8tORnAWCmQF9eP3_Jw8Kq0NHbEvCS7w.65.woff]
[halim.website/blog/wp-content/fonts/gothic-a1/CSR44z5ZnPydRjlCCwlCzOEKS_l8tORnAWCmQF9eP3_Jw8Kq0NHbEvCS7w.93.woff]
[halim.website/blog/wp-content/fonts/gothic-a1/CSR44z5ZnPydRjlCCwlCzOEKS_l8tORnAWCmQF9eP3_Jw8Kq0NHbEvCS7w.94.woff]
[halim.website/blog/wp-content/fonts/gothic-a1/CSR44z5ZnPydRjlCCwlCzOEKS_l8tORnAWCmQF9eP3_Jw8Kq0NHbEvCS7w.95.woff]
[halim.website/blog/wp-content/fonts/gothic-a1/CSR44z5ZnPydRjlCCwlCzOEKS_l8tORnAWCmQF9eP3_Jw8Kq0NHbEvCS7w.96.woff]
[halim.website/blog/wp-content/fonts/gothic-a1/CSR44z5ZnPydRjlCCwlCzOEKS_l8tORnAWCmQF9eP3_Jw8Kq0NHbEvCS7w.97.woff]
[halim.website/blog/wp-content/fonts/gothic-a1/CSR44z5ZnPydRjlCCwlCzOEKS_l8tORnAWCmQF9eP3_Jw8Kq0NHbEvCS7w.98.woff]
[halim.website/blog/wp-content/fonts/gothic-a1/CSR44z5ZnPydRjlCCwlCzOEKS_l8tORnAWCmQF9eP3_Jw8Kq0NHbEvCS7w.99.woff]
[halim.website/blog/wp-content/fonts/gothic-a1/CSR44z5ZnPydRjlCCwlCzOEKS_l8tORnAWCmQF9eP3_Jw8Kq0NHbEvCS7w.100.woff]
[halim.website/blog/wp-content/fonts/gothic-a1/CSR44z5ZnPydRjlCCwlCzOEKS_l8tORnAWCmQF9eP3_Jw8Kq0NHbEvCS7w.101.woff]
[halim.website/blog/wp-content/fonts/gothic-a1/CSR44z5ZnPydRjlCCwlCzOEKS_l8tORnAWCmQF9eP3_Jw8Kq0NHbEvCS7w.102.woff]
[halim.website/blog/wp-content/fonts/gothic-a1/CSR44z5ZnPydRjlCCwlCzOEKS_l8tORnAWCmQF9eP3_Jw8Kq0NHbEvCS7w.103.woff]
[halim.website/blog/wp-content/fonts/gothic-a1/CSR44z5ZnPydRjlCCwlCzOEKS_l8tORnAWCmQF9eP3_Jw8Kq0NHbEvCS7w.104.woff]
[halim.website/blog/wp-content/fonts/gothic-a1/CSR44z5ZnPydRjlCCwlCzOEKS_l8tORnAWCmQF9eP3_Jw8Kq0NHbEvCS7w.105.woff]
[halim.website/blog/wp-content/fonts/gothic-a1/CSR44z5ZnPydRjlCCwlCzOEKS_l8tORnAWCmQF9eP3_Jw8Kq0NHbEvCS7w.106.woff]
[halim.website/blog/wp-content/fonts/gothic-a1/CSR44z5ZnPydRjlCCwlCzOEKS_l8tORnAWCmQF9eP3_Jw8Kq0NHbEvCS7w.107.woff]
[halim.website/blog/wp-content/fonts/gothic-a1/CSR44z5ZnPydRjlCCwlCzOEKS_l8tORnAWCmQF9eP3_Jw8Kq0NHbEvCS7w.108.woff]
[halim.website/blog/wp-content/fonts/gothic-a1/CSR44z5ZnPydRjlCCwlCzOEKS_l8tORnAWCmQF9eP3_Jw8Kq0NHbEvCS7w.109.woff]
[halim.website/blog/wp-content/fonts/gothic-a1/CSR44z5ZnPydRjlCCwlCzOEKS_l8tORnAWCmQF9eP3_Jw8Kq0NHbEvCS7w.110.woff]
[halim.website/blog/wp-content/fonts/gothic-a1/CSR44z5ZnPydRjlCCwlCzOEKS_l8tORnAWCmQF9eP3_Jw8Kq0NHbEvCS7w.111.woff]
[halim.website/blog/wp-content/fonts/gothic-a1/CSR44z5ZnPydRjlCCwlCzOEKS_l8tORnAWCmQF9eP3_Jw8Kq0NHbEvCS7w.112.woff]
[halim.website/blog/wp-content/fonts/gothic-a1/CSR44z5ZnPydRjlCCwlCzOEKS_l8tORnAWCmQF9eP3_Jw8Kq0NHbEvCS7w.113.woff]
[halim.website/blog/wp-content/fonts/gothic-a1/CSR44z5ZnPydRjlCCwlCzOEKS_l8tORnAWCmQF9eP3_Jw8Kq0NHbEvCS7w.114.woff]
[halim.website/blog/wp-content/fonts/gothic-a1/CSR44z5ZnPydRjlCCwlCzOEKS_l8tORnAWCmQF9eP3_Jw8Kq0NHbEvCS7w.115.woff]
[halim.website/blog/wp-content/fonts/gothic-a1/CSR44z5ZnPydRjlCCwlCzOEKS_l8tORnAWCmQF9eP3_Jw8Kq0NHbEvCS7w.116.woff]
[halim.website/blog/wp-content/fonts/gothic-a1/CSR44z5ZnPydRjlCCwlCzOEKS_l8tORnAWCmQF9eP3_Jw8Kq0NHbEvCS7w.117.woff]
[halim.website/blog/wp-content/fonts/gothic-a1/CSR44z5ZnPydRjlCCwlCzOEKS_l8tORnAWCmQF9eP3_Jw8Kq0NHbEvCS7w.118.woff]
[halim.website/blog/wp-content/fonts/gothic-a1/CSR44z5ZnPydRjlCCwlCzOEKS_l8tORnAWCmQF9eP3_Jw8Kq0NHbEvCS7w.119.woff]
[halim.website/blog/wp-content/fonts/karla/qkBIXvYC6trAT55ZBi1ueQVIjQTD-JqaHUlMZbLXGimSytc.woff]
[halim.website/blog/wp-content/fonts/karla/qkBIXvYC6trAT55ZBi1ueQVIjQTD-JqaE0lMZbLXGimS.woff]
[halim.website/blog/wp-content/fonts/karla/qkBIXvYC6trAT55ZBi1ueQVIjQTDypqaHUlMZbLXGimSytc.woff]
[halim.website/blog/wp-content/fonts/karla/qkBIXvYC6trAT55ZBi1ueQVIjQTDypqaE0lMZbLXGimS.woff]
[halim.website/blog/wp-content/fonts/karla/qkBIXvYC6trAT55ZBi1ueQVIjQTDJp2aHUlMZbLXGimSytc.woff]
[halim.website/blog/wp-content/fonts/karla/qkBIXvYC6trAT55ZBi1ueQVIjQTDJp2aE0lMZbLXGimS.woff]
[halim.website/blog/wp-content/fonts/karla/qkBIXvYC6trAT55ZBi1ueQVIjQTDH52aHUlMZbLXGimSytc.woff]
[halim.website/blog/wp-content/fonts/karla/qkBIXvYC6trAT55ZBi1ueQVIjQTDH52aE0lMZbLXGimS.woff]
[halim.website/blog/wp-content/uploads/2022/12/Adaptable-and-Resilient-Mindset-Fixed-vs-Growth-Mindset-80x80.png]
[halim.website/blog/category/devops/index.html]
[halim.website/blog/wp-content/uploads/2022/02/Cybersecurity-101-Beginner-guide-to-cybersecurity-80x80.png]
[halim.website/blog/category/lifehacks/index.html]
[halim.website/blog/wp-content/uploads/2022/01/LAMP-80x80.png]
[halim.website/blog/category/software/index.html]
[halim.website/blog/wp-content/uploads/2021/06/5-Lessons-I-ve-Learnt-from-Reach-Dad-Poor-Dad-80x80.jpg]
[halim.website/blog/category/cybersecurity/index.html]
[halim.website/blog/wp-content/uploads/2021/05/Beginner-Tutorial-for-RabbitMQ-80x80.jpg]
[halim.website/blog/adaptable-and-resilient-mindset-fixed-vs-growth-mindset/index.html]
[halim.website/blog/wp-content/uploads/2022/12/Adaptable-and-Resilient-Mindset-Fixed-vs-Growth-Mindset-800x500.png]
[halim.website/blog/cybersecurity-101-beginner-guide-to-cybersecurity/index.html]
[halim.website/blog/how-can-i-take-control-of-my-life/index.html]
[halim.website/blog/wp-content/uploads/2022/12/Adaptable-and-Resilient-Mindset-Fixed-vs-Growth-Mindset-300x180.png]
[halim.website/blog/beginner-tutorial-for-rabbitmq/index.html]
[halim.website/blog/wp-content/uploads/2022/02/Cybersecurity-101-Beginner-guide-to-cybersecurity-300x180.png]
[halim.website/blog/author/halim/index.html]
[halim.website/blog/wp-content/uploads/2020/01/OWASP-API-Security-Top-10-2019-300x180.jpg]
[halim.website/blog/how-to-install-metabase-and-connect-mysql-db/index.html]
[halim.website/blog/wp-content/uploads/2020/01/Ultimate-Guide-to-WebDav-300x180.jpg]
[halim.website/blog/apis-for-non-technical-people/index.html]
[halim.website/blog/wp-content/uploads/2019/12/NMAP-For-Port-Scanning-300x180.jpg]
[halim.website/blog/what-is-webdav/index.html]
[halim.website/blog/wp-content/uploads/2019/11/SSH-Using-Python-300x180.jpg]
[halim.website/blog/what-is-privileged-access-management-pam-software/index.html]
[halim.website/blog/wp-content/uploads/2019/12/LAMP-300x180.jpg]
[halim.website/blog/how-to-connect-ssh-using-python-and-netmiko/index.html]
[halim.website/blog/owasp-api-security-top-10-2019/index.html]
[halim.website/blog/nmap-for-port-scanning-and-footprinting/index.html]
[connect.facebook.net/en_US/sdk.js]
[halim.website/blog/wp-content/plugins/canvas/components/basic-elements/block-alert/public-block-alert6259.js]
[halim.website/blog/wp-content/plugins/canvas/components/basic-elements/block-collapsibles/public-block-collapsibles6259.js]
[halim.website/blog/wp-content/plugins/canvas/components/basic-elements/block-tabs/public-block-tabs6259.js]
[halim.website/blog/wp-content/plugins/canvas/components/posts/block-posts/colcade6259.js]
[halim.website/blog/wp-content/plugins/canvas/components/posts/block-posts/public-block-posts6259.js]
[halim.website/blog/wp-content/plugins/canvas/components/justified-gallery/block/jquery.justifiedGallery.min6259.js]
[halim.website/blog/wp-content/plugins/canvas/components/justified-gallery/block/public-block-justified-gallery6259.js]
[halim.website/blog/wp-includes/js/imagesloaded.mineda1.js]
[halim.website/blog/wp-content/plugins/canvas/components/slider-gallery/block/flickity.pkgd.min6259.js]
[halim.website/blog/wp-content/plugins/canvas/components/slider-gallery/block/public-block-slider-gallery6259.js]
[halim.website/blog/wp-content/plugins/powerkit/modules/basic-elements/public/js/public-powerkit-basic-elementscce7.js]
[halim.website/blog/wp-content/plugins/powerkit/modules/justified-gallery/public/js/public-powerkit-justified-gallery1102.js]
[halim.website/blog/wp-content/plugins/powerkit/modules/lightbox/public/js/glightbox.min1102.js]
[halim.website/blog/wp-content/plugins/powerkit/modules/lightbox/public/js/public-powerkit-lightbox1102.js]
[halim.website/blog/wp-content/plugins/powerkit/modules/opt-in-forms/public/js/public-powerkit-opt-in-forms1102.js]
[assets.pinterest.com/js/pinit6a4d.js]
[halim.website/blog/wp-content/plugins/powerkit/modules/pinterest/public/js/public-powerkit-pin-it1102.js]
[halim.website/blog/wp-content/plugins/powerkit/modules/scroll-to-top/public/js/public-powerkit-scroll-to-top1102.js]
[halim.website/blog/wp-content/plugins/powerkit/modules/share-buttons/public/js/public-powerkit-share-buttons1102.js]
[halim.website/blog/wp-content/plugins/powerkit/modules/slider-gallery/public/js/public-powerkit-slider-gallery1102.js]
[halim.website/blog/nmap-cheat-sheet/index.html]
[halim.website/blog/wp-content/plugins/sight/render/js/jquery.magnific-popup.mincba3.js]
[halim.website/blog/wp-content/plugins/sight/render/js/sightcba3.js]
[halim.website/blog/wp-content/plugins/wp-ulike/assets/js/wp-ulike.min1dc6.js]
[halim.website/blog/wp-content/themes/squaretype/js/ofi.mine5ca.js]
[halim.website/blog/wp-content/themes/squaretype/js/scripts459e.js]
[halim.website/blog/wp-content/plugins/searchwp-live-ajax-search/assets/javascript/dist/script.min3e0d.js]
[halim.website/blog/index.html]
[halim.website/vendor/font-awesome/webfonts/fa-brands-400.svg]
[halim.website/vendor/font-awesome/webfonts/fa-regular-400.svg]
[halim.website/vendor/font-awesome/webfonts/fa-solid-900.svg]
[halim.website/blog/how-to-install-lamp-web-server/index.html]
[halim.website/blog/wp-content/uploads/2019/12/NMAP-Cheat-Sheet-300x180.jpg]
[halim.website/blog/how-to-redirect-http-to-https-using-htaccess/index.html]
[halim.website/blog/wp-content/uploads/2020/01/APIs-For-Non-Technical-300x180.jpg]
[halim.website/blog/wp-content/uploads/2021/02/What-is-Priviliged-Access-Management-PAM-300x180.jpg]
[halim.website/blog/page/2/index.html]
[halim.website/blog/wp-content/plugins/canvas/assets/fonts/canvas-icons.ttf]
[halim.website/blog/wp-content/plugins/canvas/assets/css/canvas6259.css]
[halim.website/blog/wp-content/plugins/powerkit/assets/fonts/powerkit-icons.woff]
[halim.website/blog/wp-content/plugins/powerkit/assets/fonts/powerkit-icons.ttf]
[halim.website/blog/wp-content/plugins/powerkit/assets/css/powerkit1102.css]
[halim.website/blog/wp-includes/css/dist/block-library/style.min6a4d.css]
[halim.website/blog/wp-content/plugins/canvas/components/basic-elements/block-alert/block67c7.css]
[halim.website/blog/wp-content/plugins/canvas/components/basic-elements/block-progress/block67c7.css]
[halim.website/blog/wp-content/plugins/canvas/components/basic-elements/block-collapsibles/block67c7.css]
[halim.website/blog/wp-content/plugins/canvas/components/basic-elements/block-tabs/block67c7.css]
[halim.website/blog/wp-content/plugins/canvas/components/basic-elements/block-section-heading/block67c7.css]
[halim.website/blog/wp-content/plugins/canvas/components/layout-blocks/block-row/block-row67c7.css]
[halim.website/blog/wp-content/plugins/canvas/components/posts/block-posts/block-posts67c7.css]
[halim.website/blog/wp-content/plugins/canvas/components/justified-gallery/block/block-justified-gallery67c7.css]
[halim.website/blog/wp-content/plugins/canvas/components/slider-gallery/block/block-slider-gallery67c7.css]
[halim.website/blog/wp-content/plugins/canvas/components/posts/block-posts-sidebar/block-posts-sidebar67c7.css]
[halim.website/blog/wp-includes/css/classic-themes.min68b3.css]
[halim.website/blog/wp-content/plugins/absolute-reviews/fonts/absolute-reviews-icons.ttf]
[halim.website/blog/wp-content/plugins/absolute-reviews/public/css/absolute-reviews-publicc64e.css]
[halim.website/blog/wp-content/plugins/advanced-popups/fonts/advanced-popups-icons.ttf]
[halim.website/blog/wp-content/plugins/advanced-popups/public/css/advanced-popups-publicc358.css]
[halim.website/blog/wp-content/plugins/canvas/components/content-formatting/block-heading/block67c7.css]
[halim.website/blog/wp-content/plugins/canvas/components/content-formatting/block-list/block67c7.css]
[halim.website/blog/wp-content/plugins/canvas/components/content-formatting/block-paragraph/block67c7.css]
[halim.website/blog/wp-content/plugins/canvas/components/content-formatting/block-separator/block67c7.css]
[halim.website/blog/wp-content/plugins/canvas/components/basic-elements/block-group/block67c7.css]
[halim.website/blog/wp-content/plugins/canvas/components/basic-elements/block-cover/block67c7.css]
[halim.website/blog/wp-content/plugins/powerkit/modules/author-box/public/css/public-powerkit-author-box1102.css]
[halim.website/blog/wp-content/plugins/powerkit/modules/basic-elements/public/css/public-powerkit-basic-elements1102.css]
[halim.website/blog/wp-content/plugins/powerkit/modules/coming-soon/public/css/public-powerkit-coming-soon1102.css]
[halim.website/blog/wp-content/plugins/powerkit/modules/content-formatting/public/css/public-powerkit-content-formatting1102.css]
[halim.website/blog/wp-content/plugins/powerkit/modules/contributors/public/css/public-powerkit-contributors1102.css]
[halim.website/blog/wp-content/plugins/powerkit/modules/facebook/public/css/public-powerkit-facebook1102.css]
[halim.website/blog/wp-content/plugins/powerkit/modules/featured-categories/public/css/public-powerkit-featured-categories1102.css]
[halim.website/blog/wp-content/plugins/powerkit/modules/inline-posts/public/css/public-powerkit-inline-posts1102.css]
[halim.website/blog/wp-content/plugins/powerkit/modules/instagram/public/css/public-powerkit-instagram1102.css]
[halim.website/blog/wp-content/plugins/powerkit/modules/justified-gallery/public/css/public-powerkit-justified-gallery1102.css]
[halim.website/blog/wp-content/plugins/powerkit/modules/lightbox/public/css/glightbox.min1102.css]
[halim.website/blog/wp-content/plugins/powerkit/modules/lightbox/public/css/public-powerkit-lightbox1102.css]
[halim.website/blog/wp-content/plugins/powerkit/modules/opt-in-forms/public/css/public-powerkit-opt-in-forms1102.css]
[halim.website/blog/wp-content/plugins/powerkit/modules/pinterest/public/css/public-powerkit-pinterest1102.css]
[halim.website/blog/wp-content/plugins/powerkit/modules/scroll-to-top/public/css/public-powerkit-scroll-to-top1102.css]
[halim.website/blog/wp-content/plugins/powerkit/modules/share-buttons/public/css/public-powerkit-share-buttons1102.css]
[halim.website/blog/wp-content/plugins/powerkit/modules/slider-gallery/public/css/public-powerkit-slider-gallery1102.css]
[halim.website/blog/wp-content/plugins/powerkit/modules/social-links/public/css/public-powerkit-social-links1102.css]
[halim.website/blog/wp-content/plugins/powerkit/modules/twitter/public/css/public-powerkit-twitter1102.css]
[halim.website/blog/wp-content/plugins/powerkit/modules/widget-about/public/css/public-powerkit-widget-about1102.css]
[halim.website/blog/wp-content/themes/squaretype/css/magnific-popup459e.css]
[halim.website/blog/network-protocols-standard-list/index.html]
[halim.website/blog/how-to-change-mac-address-using-macchanger/index.html]
[halim.website/blog/wp-content/plugins/sight/render/icon-fonts/sight-portfolio-icons314d.eot]
[halim.website/blog/wp-content/plugins/sight/render/icon-fonts/sight-portfolio-icons314d.ttf]
[halim.website/blog/wp-content/plugins/sight/render/icon-fonts/sight-portfolio-icons314d.woff]
[halim.website/blog/wp-content/plugins/sight/render/css/sightcba3.css]
[halim.website/blog/wp-content/plugins/sight/render/css/sight-commoncba3.css]
[halim.website/blog/wp-content/plugins/sight/render/css/sight-lightboxcba3.css]
[halim.website/blog/wp-content/plugins/wp-ulike/assets/img/icons/twitter-heart.png]
[halim.website/blog/wp-content/plugins/wp-ulike/assets/img/icons/heart.png]
[halim.website/blog/wp-content/plugins/wp-ulike/assets/css/wp-ulike.min1dc6.css]
[halim.website/blog/wp-content/themes/squaretype/css/icons/icons.ttf]
[halim.website/blog/wp-content/themes/squaretype/css/icons/icons.woff]
[halim.website/blog/wp-content/themes/squaretype/style459e.css]
[halim.website/blog/wp-content/plugins/searchwp-live-ajax-search/assets/styles/style3e0d.css]
[halim.website/blog/wp-content/themes/squaretype-child/style8a54.css]
[halim.website/blog/wp-json/wp/v2/categories/58.json]
[halim.website/blog/category/cybersecurity/feed/index.html]
[halim.website/blog/8-skills-needed-to-be-a-cybersecurity-professional/index.html]
[halim.website/blog/wp-content/uploads/2022/02/Cybersecurity-101-Beginner-guide-to-cybersecurity-1160x680.png]
[halim.website/blog/wp-content/uploads/2021/02/What-is-Priviliged-Access-Management-PAM-1160x680.jpg]
[halim.website/blog/wp-content/uploads/2020/01/OWASP-API-Security-Top-10-2019-1160x680.jpg]
[halim.website/blog/wp-content/uploads/2019/12/NMAP-For-Port-Scanning-1160x680.jpg]
[halim.website/blog/wp-content/uploads/2019/12/NMAP-Cheat-Sheet-1160x680.jpg]
[halim.website/blog/wp-content/uploads/2019/12/how-to-change-mac-address-using-macchanger.jpg]
[halim.website/blog/wp-content/uploads/2019/12/8-skills-to-be-a-cybersecurity-professional-1160x680.png]
[halim.website/blog/wp-content/uploads/2019/11/SSH-Using-Python.jpg]
[halim.website/blog/category/cybersecurity/index.html]
[halim.website/blog/category/devops/feed/index.html]
[halim.website/blog/wp-json/wp/v2/categories/59.json]
[halim.website/blog/wp-content/uploads/2022/01/LAMP-1160x680.png]
[halim.website/blog/wp-content/uploads/2021/05/Beginner-Tutorial-for-RabbitMQ-1160x680.jpg]
[halim.website/blog/wp-content/uploads/2020/01/APIs-For-Non-Technical-1160x680.jpg]
[halim.website/blog/wp-content/uploads/2019/12/Http-1160x680.jpg]
[halim.website/blog/wp-content/uploads/2019/12/LAMP-1160x680.jpg]
[halim.website/blog/category/devops/index.html]
[halim.website/blog/wp-json/wp/v2/categories/60.json]
[halim.website/blog/category/software/feed/index.html]
[halim.website/blog/wp-content/uploads/2020/01/Ultimate-Guide-to-WebDav-1160x680.jpg]
[halim.website/blog/category/software/index.html]
[halim.website/blog/wp-json/wp/v2/categories/62.json]
[halim.website/blog/category/lifehacks/feed/index.html]
[halim.website/blog/wp-content/uploads/2022/12/Adaptable-and-Resilient-Mindset-Fixed-vs-Growth-Mindset-1160x628.png]
[halim.website/blog/wp-content/uploads/2021/06/5-Lessons-I-ve-Learnt-from-Reach-Dad-Poor-Dad-1160x680.jpg]
[halim.website/blog/category/lifehacks/index.html]
[halim.website/blog/wp-content/uploads/2022/12/Adaptable-and-Resilient-Mindset-Fixed-vs-Growth-Mindset.png]
[halim.website/blog/adaptable-and-resilient-mindset-fixed-vs-growth-mindset/feed/index.html]
[halim.website/blog/wp-json/wp/v2/posts/2354.json]
[halim.website/blog/wp-json/oembed/1.0/embed0e73.json]
[halim.website/blog/wp-json/oembed/1.0/embedf19b]
[halim.website/blog/wp-content/plugins/powerkit/modules/table-of-contents/public/js/public-powerkit-table-of-contents1102.js]
[halim.website/blog/tag/growth-mindset/index.html]
[halim.website/blog/wp-includes/js/comment-reply.min6a4d.js]
[halim.website/blog/adaptable-and-resilient-mindset-fixed-vs-growth-mindset/index.html]
[halim.website/blog/wp-json/wp/v2/users/1.json]
[halim.website/blog/author/halim/index.html]
[halim.website/blog/author/halim/feed/index.html]
[halim.website/blog/author/halim/page/2/index.html]
[halim.website/blog/wp-content/uploads/2022/02/Cybersecurity-101-Beginner-guide-to-cybersecurity.png]
[halim.website/blog/wp-json/wp/v2/posts/2304.json]
[halim.website/blog/cybersecurity-101-beginner-guide-to-cybersecurity/feed/index.html]
[halim.website/blog/wp-json/oembed/1.0/embed3a3e.json]
[halim.website/blog/wp-json/oembed/1.0/embed30fa]
[halim.website/blog/wp-content/uploads/2022/02/9months_cyber-sec.pdf]
[halim.website/blog/wp-content/uploads/2019/11/SSH-Using-Python-380x220.jpg]
[halim.website/blog/wp-content/uploads/2020/01/OWASP-API-Security-Top-10-2019-380x220.jpg]
[halim.website/blog/wp-content/uploads/2021/02/What-is-Priviliged-Access-Management-PAM-380x220.jpg]
[halim.website/blog/wp-content/uploads/2019/12/how-to-change-mac-address-using-macchanger-380x220.jpg]
[halim.website/blog/wp-content/uploads/2019/12/8-skills-to-be-a-cybersecurity-professional-380x220.png]
[halim.website/blog/wp-content/uploads/2019/12/NMAP-Cheat-Sheet-380x220.jpg]
[halim.website/blog/cybersecurity-101-beginner-guide-to-cybersecurity/index.html]
[halim.website/blog/wp-content/uploads/2022/01/LAMP.png]
[halim.website/blog/how-to-install-metabase-and-connect-mysql-db/feed/index.html]
[halim.website/blog/wp-json/wp/v2/posts/490.json]
[halim.website/blog/wp-json/oembed/1.0/embed4182.json]
[halim.website/blog/wp-json/oembed/1.0/embed46a0]
[halim.website/blog/tag/personal-development/index.html]
[halim.website/blog/content/images/2022/01/Untitled.png]
[halim.website/blog/content/images/2022/01/Untitled-1-.png]
[halim.website/blog/content/images/2022/01/Untitled-3-.png]
[halim.website/blog/content/images/2022/01/Untitled-2--1.png]
[halim.website/blog/content/images/2022/01/Untitled-4-.png]
[halim.website/blog/content/images/2022/01/Untitled-5-.png]
[halim.website/blog/wp-content/uploads/2020/01/APIs-For-Non-Technical-380x220.jpg]
[halim.website/blog/wp-content/uploads/2019/12/Http-380x220.jpg]
[halim.website/blog/wp-content/uploads/2021/05/Beginner-Tutorial-for-RabbitMQ-380x220.jpg]
[halim.website/blog/how-to-install-metabase-and-connect-mysql-db/index.html]
[halim.website/blog/wp-content/uploads/2021/06/5-Lessons-I-ve-Learnt-from-Reach-Dad-Poor-Dad.jpg]
[halim.website/blog/wp-json/wp/v2/posts/470.json]
[halim.website/blog/how-can-i-take-control-of-my-life/feed/index.html]
[halim.website/blog/wp-json/oembed/1.0/embedcdfc.json]
[halim.website/blog/wp-json/oembed/1.0/embed7581]
[halim.website/blog/how-can-i-take-control-of-my-life/index.html]
[halim.website/blog/tag/cloud-devops/index.html]
[halim.website/blog/tag/life-hacks/index.html]
[halim.website/blog/wp-content/uploads/2021/05/Beginner-Tutorial-for-RabbitMQ.jpg]
[halim.website/blog/beginner-tutorial-for-rabbitmq/feed/index.html]
[halim.website/blog/wp-json/wp/v2/posts/430.json]
[halim.website/blog/wp-json/oembed/1.0/embed7e11.json]
[halim.website/blog/wp-json/oembed/1.0/embede0e6]
[wp.halim.website/blog/wp-content/uploads/2021/05/Beginner-Tutorial-for-RabbitMQ-1.2bf.delayed]
[halim.website/blog/content/images/2021/05/Untitled.png]
[halim.website/blog/wp-content/uploads/2022/01/LAMP-380x220.png]
[halim.website/blog/wp-content/uploads/2019/12/LAMP-380x220.jpg]
[halim.website/blog/wp-content/uploads/2020/01/Ultimate-Guide-to-WebDav-380x220.jpg]
[halim.website/blog/beginner-tutorial-for-rabbitmq/index.html]
[halim.website/blog/wp-content/uploads/2021/02/What-is-Priviliged-Access-Management-PAM.jpg]
[halim.website/blog/what-is-privileged-access-management-pam-software/feed/index.html]
[halim.website/blog/wp-json/wp/v2/posts/410.json]
[halim.website/blog/wp-json/oembed/1.0/embed773b.json]
[halim.website/blog/wp-json/oembed/1.0/embedf13b]
[halim.website/blog/wp-content/uploads/2022/02/Cybersecurity-101-Beginner-guide-to-cybersecurity-380x220.png]
[halim.website/blog/wp-content/uploads/2019/12/NMAP-For-Port-Scanning-380x220.jpg]
[halim.website/blog/what-is-privileged-access-management-pam-software/index.html]
[halim.website/blog/wp-content/uploads/2020/01/OWASP-API-Security-Top-10-2019.jpg]
[halim.website/blog/tag/cybersecurity/index.html]
[halim.website/blog/wp-json/wp/v2/posts/2170.json]
[halim.website/blog/owasp-api-security-top-10-2019/feed/index.html]
[halim.website/blog/wp-json/oembed/1.0/embedb18c.json]
[halim.website/blog/wp-json/oembed/1.0/embed5711]
[halim.website/blog/content/images/wordpress/2020/01/Kazam_screenshot_00001-1024x192.png]
[halim.website/blog/content/images/wordpress/2020/01/Kazam_screenshot_00003-1024x107.png]
[halim.website/blog/content/images/wordpress/2020/01/Kazam_screenshot_00006-1024x107.png]
[halim.website/blog/content/images/wordpress/2020/01/image-1.png]
[halim.website/blog/content/images/wordpress/2020/01/image.png]
[halim.website/blog/content/images/wordpress/2020/01/image-2.png]
[halim.website/blog/content/images/wordpress/2020/01/image-3.png]
[halim.website/blog/content/images/wordpress/2020/01/image-7.png]
[halim.website/blog/content/images/wordpress/2020/01/image-6.png]
[halim.website/blog/content/images/wordpress/2020/01/image-5.png]
[halim.website/blog/content/images/wordpress/2020/01/image-4.png]
[halim.website/blog/owasp-api-security-top-10-2019/index.html]
[halim.website/blog/tag/software/index.html]
[halim.website/blog/tag/cyber-security/index.html]
[halim.website/blog/wp-content/uploads/2020/01/APIs-For-Non-Technical.jpg]
[halim.website/blog/tag/owasp-api-security-top-10/index.html]
[halim.website/blog/wp-json/wp/v2/posts/320.json]
[halim.website/blog/tag/apis/index.html]
[halim.website/blog/tag/api/index.html]
[halim.website/blog/wp-json/oembed/1.0/embedd2d7.json]
[halim.website/blog/tag/owasp-top-10/index.html]
[halim.website/blog/apis-for-non-technical-people/feed/index.html]
[halim.website/blog/wp-json/oembed/1.0/embedf215]
[halim.website/blog/apis-for-non-technical-people/index.html]
[halim.website/blog/wp-content/uploads/2020/01/Ultimate-Guide-to-WebDav.jpg]
[halim.website/blog/what-is-webdav/feed/index.html]
[halim.website/blog/wp-json/wp/v2/posts/2168.json]
[halim.website/blog/wp-json/oembed/1.0/embed82a7.json]
[halim.website/blog/wp-json/oembed/1.0/embedf280]
[halim.website/blog/what-is-webdav/index.html]
[halim.website/blog/wp-content/uploads/2019/12/NMAP-For-Port-Scanning.jpg]
[halim.website/blog/tag/webdav/index.html]
[halim.website/blog/wp-json/wp/v2/posts/2166.json]
[halim.website/blog/wp-json/oembed/1.0/embed369a.json]
[halim.website/blog/nmap-for-port-scanning-and-footprinting/feed/index.html]
[halim.website/blog/wp-json/oembed/1.0/embed0a9c]
[halim.website/blog/nmap-for-port-scanning-and-footprinting/index.html]
[halim.website/blog/tag/webdav-protocol/index.html]
[halim.website/blog/wp-content/uploads/2019/12/NMAP-Cheat-Sheet.jpg]
[halim.website/blog/tag/dns-lookup/index.html]
[halim.website/blog/wp-json/wp/v2/posts/240.json]
[halim.website/blog/category/cybersecurity/learn-ethical-hacking/index.html]
[halim.website/blog/tag/network-mapper/index.html]
[halim.website/blog/wp-json/oembed/1.0/embed65d1.json]
[halim.website/blog/tag/document-collaboration/index.html]
[halim.website/blog/tag/nmap/index.html]
[halim.website/blog/tag/network-scanning/index.html]
[halim.website/blog/wp-json/oembed/1.0/embed3765]
[halim.website/blog/nmap-cheat-sheet/feed/index.html]
[halim.website/blog/nmap-cheat-sheet/index.html]
[halim.website/blog/tag/port-scanning/index.html]
[halim.website/blog/how-to-connect-ssh-using-python-and-netmiko/feed/index.html]
[halim.website/blog/wp-json/wp/v2/posts/90.json]
[halim.website/blog/wp-json/oembed/1.0/embed28c4.json]
[halim.website/blog/wp-json/oembed/1.0/embed0759]
[halim.website/blog/how-to-connect-ssh-using-python-and-netmiko/index.html]
[halim.website/blog/network-protocols-standard-list/feed/index.html]
[halim.website/blog/wp-json/wp/v2/posts/150.json]
[halim.website/blog/wp-json/oembed/1.0/embede03f.json]
[halim.website/blog/wp-json/oembed/1.0/embedffad]
[halim.website/content/images/wordpress/2019/12/Network-Protocols-Standard-List-More.xlsx]
[halim.website/blog/network-protocols-standard-list/index.html]
[halim.website/blog/tag/zenmap/index.html]
[halim.website/blog/tag/nmap-cheat-sheet/index.html]
[halim.website/blog/wp-content/uploads/2019/12/LAMP.jpg]
[halim.website/blog/tag/dns/index.html]
[halim.website/blog/wp-json/wp/v2/posts/2165.json]
[halim.website/blog/tag/http/index.html]
[halim.website/blog/tag/https/index.html]
[halim.website/blog/wp-json/oembed/1.0/embed76f8.json]
[halim.website/blog/tag/ftp/index.html]
[halim.website/blog/how-to-install-lamp-web-server/feed/index.html]
[halim.website/blog/wp-json/oembed/1.0/embedc419]
[halim.website/blog/how-to-install-lamp-web-server/index.html]
[halim.website/blog/tag/network-protocols/index.html]
[halim.website/blog/tag/port-80/index.html]
[halim.website/blog/tag/ssh/index.html]
[connect.facebook.net/en_US/sdk.js]
[halim.website/blog/tag/apache/index.html]
[halim.website/blog/tag/database/index.html]
[halim.website/blog/wp-json/wp/v2/posts/220.json]
[halim.website/blog/tag/mysql/index.html]
[halim.website/blog/wp-json/oembed/1.0/embed6081.json]
[halim.website/blog/how-to-change-mac-address-using-macchanger/feed/index.html]
[halim.website/blog/wp-json/oembed/1.0/embedd440]
[halim.website/blog/how-to-change-mac-address-using-macchanger/index.html]
[halim.website/blog/tag/linux/index.html]
[halim.website/blog/tag/phpmyadmin/index.html]
[halim.website/blog/tag/hexadecimal/index.html]
[halim.website/blog/tag/ethernet/index.html]
[halim.website/blog/tag/php/index.html]
[halim.website/blog/tag/kali/index.html]
[halim.website/blog/tag/kali-linux/index.html]
[halim.website/blog/wp-content/uploads/2019/12/Http.jpg]
[halim.website/blog/tag/network-card/index.html]
[halim.website/blog/tag/mac/index.html]
[halim.website/blog/how-to-redirect-http-to-https-using-htaccess/feed/index.html]
[halim.website/blog/wp-json/wp/v2/posts/200.json]
[halim.website/blog/wp-json/oembed/1.0/embedbb9f.json]
[halim.website/blog/wp-json/oembed/1.0/embedbdff]
[halim.website/blog/content/images/wordpress/2019/12/HTTP-1-e1577482096926-1024x463.jpg]
[halim.website/blog/how-to-redirect-http-to-https-using-htaccess/index.html]
[halim.website/blog/tag/mac-address/index.html]
[halim.website/blog/tag/http-redirection/index.html]
[halim.website/blog/wp-content/uploads/2019/12/8-skills-to-be-a-cybersecurity-professional.png]
[halim.website/blog/tag/parrot-os/index.html]
[halim.website/blog/wp-json/wp/v2/posts/180.json]
[halim.website/blog/tag/htaccess/index.html]
[halim.website/blog/wp-json/oembed/1.0/embed7ec6.json]
[halim.website/blog/tag/free-ssl/index.html]
[halim.website/blog/wp-json/oembed/1.0/embeda1b3]
[halim.website/blog/8-skills-needed-to-be-a-cybersecurity-professional/index.html]
[halim.website/blog/tag/wordpress/index.html]
[halim.website/blog/tag/ssl/index.html]
[halim.website/blog/wp-content/plugins/canvas/assets/fonts/canvas-icons.svg]
[halim.website/blog/tag/web-server/index.html]
[halim.website/blog/tag/ssl-certificate/index.html]
[halim.website/blog/wp-content/plugins/powerkit/assets/fonts/powerkit-icons.svg]
[halim.website/blog/wp-content/plugins/absolute-reviews/fonts/absolute-reviews-icons.svg]
[halim.website/blog/wp-content/plugins/advanced-popups/fonts/advanced-popups-icons.svg]
[halim.website/blog/wp-content/plugins/sight/render/icon-fonts/sight-portfolio-icons314d.html]
[halim.website/blog/wp-content/plugins/sight/render/icon-fonts/sight-portfolio-icons314d.svg]
[halim.website/blog/wp-content/plugins/wp-ulike/assets/img/svg/loader.svg]
[halim.website/blog/wp-content/plugins/wp-ulike/assets/img/svg/like.svg]
[halim.website/blog/wp-content/plugins/wp-ulike/assets/img/svg/love.svg]
[halim.website/blog/wp-content/plugins/wp-ulike/assets/img/svg/info.svg]
[halim.website/blog/wp-content/plugins/wp-ulike/assets/img/svg/success.svg]
[halim.website/blog/wp-content/plugins/wp-ulike/assets/img/svg/error.svg]
[halim.website/blog/wp-content/plugins/wp-ulike/assets/img/svg/warning.svg]
[halim.website/blog/wp-content/themes/squaretype/css/icons/icons.svg]
[halim.website/blog/wp-content/plugins/powerkit/modules/table-of-contents/public/css/public-powerkit-table-of-contents1102.css]
[halim.website/blog/index8fa2.html]
[halim.website/blog/adaptable-and-resilient-mindset-fixed-vs-growth-mindset/fb-messenger_/share/index0421.html]
[halim.website/blog/8-skills-needed-to-be-a-cybersecurity-professional/feed/index.html]
[halim.website/blog/wp-json/wp/v2/tags/63.json]
[halim.website/blog/tag/growth-mindset/index.html]
[halim.website/blog/tag/growth-mindset/feed/index.html]
[halim.website/blog/wp-json/wp/v2/tags/64.json]
[halim.website/blog/tag/personal-development/index.html]
[halim.website/blog/author/halim/page/2/index.html]
[halim.website/blog/index44af.html]
[halim.website/blog/cybersecurity-101-beginner-guide-to-cybersecurity/fb-messenger_/share/index3879.html]
[halim.website/blog/indexb015.html]
[halim.website/blog/how-to-install-metabase-and-connect-mysql-db/fb-messenger_/share/indexd90a.html]
[halim.website/blog/content/images/2022/01/Untitled.html]
[halim.website/blog/content/images/2022/01/Untitled-1-.html]
[halim.website/blog/content/images/2022/01/Untitled-3-.html]
[halim.website/blog/content/images/2022/01/Untitled-2--1.html]
[halim.website/blog/content/images/2022/01/Untitled-4-.html]
[halim.website/blog/content/images/2022/01/Untitled-5-.html]
[halim.website/blog/tag/personal-development/feed/index.html]
[halim.website/blog/wp-json/wp/v2/tags/54.json]
[halim.website/blog/tag/cloud-devops/index.html]
[halim.website/blog/index1beb.html]
[halim.website/blog/how-can-i-take-control-of-my-life/fb-messenger_/share/indexbf06.html]
[halim.website/blog/tag/cloud-devops/feed/index.html]
[halim.website/blog/wp-json/wp/v2/tags/57.json]
[halim.website/blog/tag/life-hacks/index.html]
[halim.website/blog/indexbdc5.html]
[halim.website/blog/beginner-tutorial-for-rabbitmq/fb-messenger_/share/indexd19d.html]
[wp.halim.website/blog/wp-content/uploads/2021/05/Beginner-Tutorial-for-RabbitMQ-1.html]
[halim.website/blog/content/images/2021/05/Untitled.html]
[halim.website/blog/tag/life-hacks/feed/index.html]
[halim.website/blog/wp-json/wp/v2/tags/55.json]
[halim.website/blog/tag/software/index.html]
[halim.website/blog/index0ed6.html]
[halim.website/blog/what-is-privileged-access-management-pam-software/fb-messenger_/share/indexc874.html]
[halim.website/blog/tag/software/feed/index.html]
[halim.website/blog/wp-json/wp/v2/tags/10.json]
[halim.website/blog/tag/cybersecurity/index.html]
[halim.website/blog/indexfe0d.html]
[halim.website/blog/owasp-api-security-top-10-2019/fb-messenger_/share/index9169.html]
[halim.website/blog/content/images/wordpress/2020/01/Kazam_screenshot_00001-1024x192.html]
[halim.website/blog/content/images/wordpress/2020/01/Kazam_screenshot_00003-1024x107.html]
[halim.website/blog/content/images/wordpress/2020/01/Kazam_screenshot_00006-1024x107.html]
[halim.website/blog/content/images/wordpress/2020/01/image-1.html]
[halim.website/blog/content/images/wordpress/2020/01/image.html]
[halim.website/blog/content/images/wordpress/2020/01/image-2.html]
[halim.website/blog/content/images/wordpress/2020/01/image-3.html]
[halim.website/blog/content/images/wordpress/2020/01/image-7.html]
[halim.website/blog/content/images/wordpress/2020/01/image-6.html]
[halim.website/blog/content/images/wordpress/2020/01/image-5.html]
[halim.website/blog/content/images/wordpress/2020/01/image-4.html]
[halim.website/blog/tag/cybersecurity/feed/index.html]
[halim.website/blog/wp-json/wp/v2/tags/49.json]
[halim.website/blog/tag/api/index.html]
[halim.website/blog/tag/api/feed/index.html]
[halim.website/blog/wp-json/wp/v2/tags/50.json]
[halim.website/blog/tag/apis/feed/index.html]
[halim.website/blog/tag/apis/index.html]
[halim.website/blog/wp-json/wp/v2/tags/51.json]
[halim.website/blog/tag/cyber-security/index.html]
[halim.website/blog/wp-json/wp/v2/tags/52.json]
[halim.website/blog/tag/owasp-api-security-top-10/index.html]
[halim.website/blog/tag/owasp-api-security-top-10/feed/index.html]
[halim.website/blog/wp-json/wp/v2/tags/53.json]
[halim.website/blog/tag/owasp-top-10/feed/index.html]
[halim.website/blog/tag/owasp-top-10/index.html]
[halim.website/blog/indexe513.html]
[halim.website/blog/apis-for-non-technical-people/fb-messenger_/share/indexeadf.html]
[halim.website/blog/index1313.html]
[halim.website/blog/what-is-webdav/fb-messenger_/share/index453b.html]
[halim.website/blog/tag/cyber-security/feed/index.html]
[halim.website/blog/tag/document-collaboration/feed/index.html]
[halim.website/blog/wp-json/wp/v2/tags/46.json]
[halim.website/blog/tag/document-collaboration/index.html]
[halim.website/blog/wp-json/wp/v2/tags/47.json]
[halim.website/blog/tag/webdav/index.html]
[halim.website/blog/tag/webdav/feed/index.html]
[halim.website/blog/wp-json/wp/v2/tags/48.json]
[halim.website/blog/tag/webdav-protocol/index.html]
[halim.website/blog/index0f58.html]
[halim.website/blog/nmap-for-port-scanning-and-footprinting/fb-messenger_/share/index754c.html]
[halim.website/blog/category/cybersecurity/learn-ethical-hacking/index.html]
[halim.website/blog/tag/webdav-protocol/feed/index.html]
[halim.website/blog/wp-json/wp/v2/tags/45.json]
[halim.website/blog/tag/dns-lookup/index.html]
[halim.website/blog/tag/dns-lookup/feed/index.html]
[halim.website/blog/wp-json/wp/v2/tags/39.json]
[halim.website/blog/tag/network-mapper/index.html]
[halim.website/blog/tag/network-mapper/feed/index.html]
[halim.website/blog/wp-json/wp/v2/tags/40.json]
[halim.website/blog/tag/network-scanning/feed/index.html]
[halim.website/blog/tag/network-scanning/index.html]
[halim.website/blog/wp-json/wp/v2/tags/41.json]
[halim.website/blog/tag/nmap/index.html]
[halim.website/blog/tag/nmap/feed/index.html]
[halim.website/blog/wp-json/wp/v2/tags/43.json]
[halim.website/blog/tag/port-scanning/index.html]
[halim.website/blog/tag/port-scanning/feed/index.html]
[halim.website/blog/tag/zenmap/feed/index.html]
[halim.website/blog/wp-json/wp/v2/tags/44.json]
[halim.website/blog/tag/zenmap/index.html]
[halim.website/blog/indexcfe0.html]
[halim.website/blog/nmap-cheat-sheet/fb-messenger_/share/index2b42.html]
[halim.website/blog/wp-json/wp/v2/tags/42.json]
[halim.website/blog/tag/nmap-cheat-sheet/index.html]
[halim.website/blog/indexeffd.html]
[halim.website/blog/how-to-connect-ssh-using-python-and-netmiko/fb-messenger_/share/index90fe.html]
[halim.website/blog/index56d6.html]
[halim.website/blog/network-protocols-standard-list/fb-messenger_/share/indexa291.html]
[halim.website/content/images/wordpress/2019/12/Network-Protocols-Standard-List-More.html]
[halim.website/blog/tag/nmap-cheat-sheet/feed/index.html]
[halim.website/blog/wp-json/wp/v2/tags/12.json]
[halim.website/blog/tag/dns/index.html]
[halim.website/blog/tag/dns/feed/index.html]
[halim.website/blog/wp-json/wp/v2/tags/13.json]
[halim.website/blog/tag/ftp/index.html]
[halim.website/blog/tag/ftp/feed/index.html]
[halim.website/blog/wp-json/wp/v2/tags/14.json]
[halim.website/blog/tag/http/index.html]
[halim.website/blog/tag/http/feed/index.html]
[halim.website/blog/wp-json/wp/v2/tags/15.json]
[halim.website/blog/tag/https/index.html]
[halim.website/blog/wp-json/wp/v2/tags/16.json]
[halim.website/blog/tag/network-protocols/index.html]
[halim.website/blog/wp-json/wp/v2/tags/17.json]
[halim.website/blog/tag/network-protocols/feed/index.html]
[halim.website/blog/tag/port-80/feed/index.html]
[halim.website/blog/tag/port-80/index.html]
[halim.website/blog/tag/https/feed/index.html]
[halim.website/blog/wp-json/wp/v2/tags/18.json]
[halim.website/blog/tag/ssh/index.html]
[halim.website/blog/index8dfb.html]
[halim.website/blog/how-to-install-lamp-web-server/fb-messenger_/share/index5320.html]
[halim.website/blog/tag/ssh/feed/index.html]
[halim.website/blog/wp-json/wp/v2/tags/19.json]
[halim.website/blog/tag/apache/index.html]
[halim.website/blog/tag/apache/feed/index.html]
[halim.website/blog/wp-json/wp/v2/tags/20.json]
[halim.website/blog/tag/database/index.html]
[halim.website/blog/tag/database/feed/index.html]
[halim.website/blog/tag/linux/feed/index.html]
[halim.website/blog/wp-json/wp/v2/tags/21.json]
[halim.website/blog/tag/linux/index.html]
[halim.website/blog/wp-json/wp/v2/tags/22.json]
[halim.website/blog/tag/mysql/index.html]
[halim.website/blog/wp-json/wp/v2/tags/23.json]
[halim.website/blog/tag/php/index.html]
[halim.website/blog/tag/mysql/feed/index.html]
[halim.website/blog/tag/php/feed/index.html]
[halim.website/blog/tag/phpmyadmin/feed/index.html]
[halim.website/blog/wp-json/wp/v2/tags/24.json]
[halim.website/blog/tag/phpmyadmin/index.html]
[halim.website/blog/index156c.html]
[halim.website/blog/how-to-change-mac-address-using-macchanger/fb-messenger_/share/index73b2.html]
[halim.website/blog/wp-json/wp/v2/tags/31.json]
[halim.website/blog/tag/ethernet/index.html]
[halim.website/blog/tag/ethernet/feed/index.html]
[halim.website/blog/wp-json/wp/v2/tags/32.json]
[halim.website/blog/tag/hexadecimal/index.html]
[halim.website/blog/wp-json/wp/v2/tags/33.json]
[halim.website/blog/tag/kali/index.html]
[halim.website/blog/tag/hexadecimal/feed/index.html]
[halim.website/blog/tag/kali/feed/index.html]
[halim.website/blog/wp-json/wp/v2/tags/34.json]
[halim.website/blog/tag/kali-linux/index.html]
[halim.website/blog/tag/kali-linux/feed/index.html]
[halim.website/blog/wp-json/wp/v2/tags/35.json]
[halim.website/blog/tag/mac/index.html]
[halim.website/blog/tag/mac/feed/index.html]
[halim.website/blog/wp-json/wp/v2/tags/36.json]
[halim.website/blog/tag/mac-address/index.html]
[halim.website/blog/tag/mac-address/feed/index.html]
[halim.website/blog/wp-json/wp/v2/tags/37.json]
[halim.website/blog/tag/network-card/index.html]
[halim.website/blog/tag/network-card/feed/index.html]
[halim.website/blog/tag/parrot-os/feed/index.html]
[halim.website/blog/wp-json/wp/v2/tags/38.json]
[halim.website/blog/tag/parrot-os/index.html]
[halim.website/blog/indexdc0d.html]
[halim.website/blog/how-to-redirect-http-to-https-using-htaccess/fb-messenger_/share/index7049.html]
[halim.website/blog/content/images/wordpress/2019/12/HTTP-1-e1577482096926-1024x463.html]
[halim.website/blog/tag/htaccess/feed/index.html]
[halim.website/blog/wp-json/wp/v2/tags/25.json]
[halim.website/blog/tag/htaccess/index.html]
[halim.website/blog/wp-json/wp/v2/tags/26.json]
[halim.website/blog/tag/free-ssl/index.html]
[halim.website/blog/tag/free-ssl/feed/index.html]
[halim.website/blog/wp-json/wp/v2/tags/27.json]
[halim.website/blog/tag/http-redirection/index.html]
[halim.website/blog/tag/http-redirection/feed/index.html]
[halim.website/blog/wp-json/wp/v2/tags/28.json]
[halim.website/blog/tag/ssl/index.html]
[halim.website/blog/tag/ssl/feed/index.html]
[halim.website/blog/tag/ssl-certificate/feed/index.html]
[halim.website/blog/wp-json/wp/v2/tags/29.json]
[halim.website/blog/tag/ssl-certificate/index.html]
[halim.website/blog/wp-json/wp/v2/tags/30.json]
[halim.website/blog/tag/web-server/index.html]
[halim.website/blog/tag/web-server/feed/index.html]
[halim.website/blog/wp-json/wp/v2/tags/11.json]
[halim.website/blog/tag/wordpress/index.html]
[halim.website/blog/index2586.html]
[halim.website/blog/8-skills-needed-to-be-a-cybersecurity-professional/fb-messenger_/share/index99e8.html]
[halim.website/blog/tag/wordpress/feed/index.html]
